Component: Arm Compiler for Embedded 6.19 Tool: armlink [5e73cb00]

==============================================================================

Section Cross References

    startup_stm32f407xx.o(RESET) refers to startup_stm32f407xx.o(STACK) for __initial_sp
    startup_stm32f407xx.o(RESET) refers to startup_stm32f407xx.o(.text) for Reset_Handler
    startup_stm32f407xx.o(RESET) refers to stm32f4xx_it.o(.text.NMI_Handler) for NMI_Handler
    startup_stm32f407xx.o(RESET) refers to stm32f4xx_it.o(.text.HardFault_Handler) for HardFault_Handler
    startup_stm32f407xx.o(RESET) refers to stm32f4xx_it.o(.text.MemManage_Handler) for MemManage_Handler
    startup_stm32f407xx.o(RESET) refers to stm32f4xx_it.o(.text.BusFault_Handler) for BusFault_Handler
    startup_stm32f407xx.o(RESET) refers to stm32f4xx_it.o(.text.UsageFault_Handler) for UsageFault_Handler
    startup_stm32f407xx.o(RESET) refers to stm32f4xx_it.o(.text.SVC_Handler) for SVC_Handler
    startup_stm32f407xx.o(RESET) refers to stm32f4xx_it.o(.text.DebugMon_Handler) for DebugMon_Handler
    startup_stm32f407xx.o(RESET) refers to stm32f4xx_it.o(.text.PendSV_Handler) for PendSV_Handler
    startup_stm32f407xx.o(RESET) refers to stm32f4xx_it.o(.text.SysTick_Handler) for SysTick_Handler
    startup_stm32f407xx.o(RESET) refers to stm32f4xx_it.o(.text.EXTI4_IRQHandler) for EXTI4_IRQHandler
    startup_stm32f407xx.o(RESET) refers to stm32f4xx_it.o(.text.DMA1_Stream1_IRQHandler) for DMA1_Stream1_IRQHandler
    startup_stm32f407xx.o(RESET) refers to stm32f4xx_it.o(.text.EXTI9_5_IRQHandler) for EXTI9_5_IRQHandler
    startup_stm32f407xx.o(RESET) refers to stm32f4xx_it.o(.text.USART3_IRQHandler) for USART3_IRQHandler
    startup_stm32f407xx.o(RESET) refers to stm32f4xx_it.o(.text.TIM6_DAC_IRQHandler) for TIM6_DAC_IRQHandler
    startup_stm32f407xx.o(.text) refers to system_stm32f4xx.o(.text.SystemInit) for SystemInit
    startup_stm32f407xx.o(.text) refers to entry.o(.ARM.Collect$$$$00000000) for __main
    callback.o(.text.__cxx_global_var_init) refers to callback.o(.bss.imu) for imu
    callback.o(.text.__cxx_global_var_init) refers to callback.o(.text._ZN3IMUC2Ev) for IMU::IMU__sub_object()
    callback.o(.ARM.exidx.text.__cxx_global_var_init) refers to callback.o(.text.__cxx_global_var_init) for [Anonymous Symbol]
    callback.o(.text.HAL_TIM_PeriodElapsedCallback) refers to tim.o(.bss.htim6) for htim6
    callback.o(.text.HAL_TIM_PeriodElapsedCallback) refers to callback.o(.bss.imu) for imu
    callback.o(.text.HAL_TIM_PeriodElapsedCallback) refers to bmi088.o(.text._ZN3IMU13acc_calculateEv) for IMU::acc_calculate()
    callback.o(.text.HAL_TIM_PeriodElapsedCallback) refers to bmi088.o(.text._ZN3IMU14gyro_calculateEv) for IMU::gyro_calculate()
    callback.o(.text.HAL_TIM_PeriodElapsedCallback) refers to bmi088.o(.text._ZN3IMU18update_orientationEt) for IMU::update_orientation(unsigned short)
    callback.o(.ARM.exidx.text.HAL_TIM_PeriodElapsedCallback) refers to callback.o(.text.HAL_TIM_PeriodElapsedCallback) for [Anonymous Symbol]
    callback.o(.ARM.exidx.text.HAL_GPIO_EXTI_Callback) refers to callback.o(.text.HAL_GPIO_EXTI_Callback) for [Anonymous Symbol]
    callback.o(.text.HAL_UARTEx_RxEventCallback) refers to usart.o(.bss.huart3) for huart3
    callback.o(.text.HAL_UARTEx_RxEventCallback) refers to main.o(.bss.rc) for rc
    callback.o(.text.HAL_UARTEx_RxEventCallback) refers to controller.o(.text._ZN10Controller6handleEv) for Controller::handle()
    callback.o(.text.HAL_UARTEx_RxEventCallback) refers to stm32f4xx_hal_uart.o(.text.HAL_UARTEx_ReceiveToIdle_DMA) for HAL_UARTEx_ReceiveToIdle_DMA
    callback.o(.ARM.exidx.text.HAL_UARTEx_RxEventCallback) refers to callback.o(.text.HAL_UARTEx_RxEventCallback) for [Anonymous Symbol]
    callback.o(.text._GLOBAL__sub_I_callback.cpp) refers to callback.o(.text.__cxx_global_var_init) for __cxx_global_var_init
    callback.o(.ARM.exidx.text._GLOBAL__sub_I_callback.cpp) refers to callback.o(.text._GLOBAL__sub_I_callback.cpp) for [Anonymous Symbol]
    callback.o(.init_array) refers to callback.o(.text._GLOBAL__sub_I_callback.cpp) for _GLOBAL__sub_I_callback.cpp
    bmi088.o(.text._Z16BMI088_WriteByteh) refers to spi.o(.bss.hspi1) for hspi1
    bmi088.o(.text._Z16BMI088_WriteByteh) refers to stm32f4xx_hal_spi.o(.text.HAL_SPI_Transmit) for HAL_SPI_Transmit
    bmi088.o(.text._Z16BMI088_WriteByteh) refers to stm32f4xx_hal_spi.o(.text.HAL_SPI_GetState) for HAL_SPI_GetState
    bmi088.o(.ARM.exidx.text._Z16BMI088_WriteByteh) refers to bmi088.o(.text._Z16BMI088_WriteByteh) for [Anonymous Symbol]
    bmi088.o(.text._Z15BMI088_ReadBytePhh) refers to spi.o(.bss.hspi1) for hspi1
    bmi088.o(.text._Z15BMI088_ReadBytePhh) refers to stm32f4xx_hal_spi.o(.text.HAL_SPI_Receive) for HAL_SPI_Receive
    bmi088.o(.text._Z15BMI088_ReadBytePhh) refers to stm32f4xx_hal_spi.o(.text.HAL_SPI_GetState) for HAL_SPI_GetState
[...]
    Removing stm32f4xx_hal_uart.o(.text.UART_DMATransmitCplt), (122 bytes).
    Removing stm32f4xx_hal_uart.o(.ARM.exidx.text.UART_DMATransmitCplt), (8 bytes).
    Removing stm32f4xx_hal_uart.o(.text.UART_DMATxHalfCplt), (22 bytes).
    Removing stm32f4xx_hal_uart.o(.ARM.exidx.text.UART_DMATxHalfCplt), (8 bytes).
    Removing stm32f4xx_hal_uart.o(.ARM.exidx.text.UART_DMAError), (8 bytes).
    Removing stm32f4xx_hal_uart.o(.text.HAL_UART_Receive_DMA), (86 bytes).
    Removing stm32f4xx_hal_uart.o(.ARM.exidx.text.HAL_UART_Receive_DMA), (8 bytes).
    Removing stm32f4xx_hal_uart.o(.ARM.exidx.text.UART_Start_Receive_DMA), (8 bytes).
    Removing stm32f4xx_hal_uart.o(.text.HAL_UART_DMAPause), (230 bytes).
    Removing stm32f4xx_hal_uart.o(.ARM.exidx.text.HAL_UART_DMAPause), (8 bytes).
    Removing stm32f4xx_hal_uart.o(.text.HAL_UART_DMAResume), (226 bytes).
    Removing stm32f4xx_hal_uart.o(.ARM.exidx.text.HAL_UART_DMAResume), (8 bytes).
    Removing stm32f4xx_hal_uart.o(.text.HAL_UART_DMAStop), (204 bytes).
    Removing stm32f4xx_hal_uart.o(.ARM.exidx.text.HAL_UART_DMAStop), (8 bytes).
    Removing stm32f4xx_hal_uart.o(.ARM.exidx.text.UART_EndTxTransfer), (8 bytes).
    Removing stm32f4xx_hal_uart.o(.ARM.exidx.text.UART_EndRxTransfer), (8 bytes).
    Removing stm32f4xx_hal_uart.o(.text.HAL_UARTEx_ReceiveToIdle), (448 bytes).
    Removing stm32f4xx_hal_uart.o(.ARM.exidx.text.HAL_UARTEx_ReceiveToIdle), (8 bytes).
    Removing stm32f4xx_hal_uart.o(.text.HAL_UARTEx_ReceiveToIdle_IT), (194 bytes).
    Removing stm32f4xx_hal_uart.o(.ARM.exidx.text.HAL_UARTEx_ReceiveToIdle_IT), (8 bytes).
    Removing stm32f4xx_hal_uart.o(.ARM.exidx.text.HAL_UARTEx_ReceiveToIdle_DMA), (8 bytes).
    Removing stm32f4xx_hal_uart.o(.text.HAL_UARTEx_GetRxEventType), (12 bytes).
    Removing stm32f4xx_hal_uart.o(.ARM.exidx.text.HAL_UARTEx_GetRxEventType), (8 bytes).
    Removing stm32f4xx_hal_uart.o(.text.HAL_UART_Abort), (406 bytes).
    Removing stm32f4xx_hal_uart.o(.ARM.exidx.text.HAL_UART_Abort), (8 bytes).
    Removing stm32f4xx_hal_uart.o(.text.HAL_UART_AbortTransmit), (186 bytes).
    Removing stm32f4xx_hal_uart.o(.ARM.exidx.text.HAL_UART_AbortTransmit), (8 bytes).
    Removing stm32f4xx_hal_uart.o(.text.HAL_UART_AbortReceive), (278 bytes).
    Removing stm32f4xx_hal_uart.o(.ARM.exidx.text.HAL_UART_AbortReceive), (8 bytes).
    Removing stm32f4xx_hal_uart.o(.text.HAL_UART_Abort_IT), (478 bytes).
    Removing stm32f4xx_hal_uart.o(.ARM.exidx.text.HAL_UART_Abort_IT), (8 bytes).
    Removing stm32f4xx_hal_uart.o(.text.UART_DMATxAbortCallback), (86 bytes).
    Removing stm32f4xx_hal_uart.o(.ARM.exidx.text.UART_DMATxAbortCallback), (8 bytes).
    Removing stm32f4xx_hal_uart.o(.text.UART_DMARxAbortCallback), (86 bytes).
    Removing stm32f4xx_hal_uart.o(.ARM.exidx.text.UART_DMARxAbortCallback), (8 bytes).
    Removing stm32f4xx_hal_uart.o(.text.HAL_UART_AbortCpltCallback), (8 bytes).
    Removing stm32f4xx_hal_uart.o(.ARM.exidx.text.HAL_UART_AbortCpltCallback), (8 bytes).
    Removing stm32f4xx_hal_uart.o(.text.HAL_UART_AbortTransmit_IT), (194 bytes).
    Removing stm32f4xx_hal_uart.o(.ARM.exidx.text.HAL_UART_AbortTransmit_IT), (8 bytes).
    Removing stm32f4xx_hal_uart.o(.text.UART_DMATxOnlyAbortCallback), (36 bytes).
    Removing stm32f4xx_hal_uart.o(.ARM.exidx.text.UART_DMATxOnlyAbortCallback), (8 bytes).
    Removing stm32f4xx_hal_uart.o(.text.HAL_UART_AbortTransmitCpltCallback), (8 bytes).
    Removing stm32f4xx_hal_uart.o(.ARM.exidx.text.HAL_UART_AbortTransmitCpltCallback), (8 bytes).
    Removing stm32f4xx_hal_uart.o(.text.HAL_UART_AbortReceive_IT), (290 bytes).
    Removing stm32f4xx_hal_uart.o(.ARM.exidx.text.HAL_UART_AbortReceive_IT), (8 bytes).
    Removing stm32f4xx_hal_uart.o(.text.UART_DMARxOnlyAbortCallback), (40 bytes).
    Removing stm32f4xx_hal_uart.o(.ARM.exidx.text.UART_DMARxOnlyAbortCallback), (8 bytes).
    Removing stm32f4xx_hal_uart.o(.text.HAL_UART_AbortReceiveCpltCallback), (8 bytes).
    Removing stm32f4xx_hal_uart.o(.ARM.exidx.text.HAL_UART_AbortReceiveCpltCallback), (8 bytes).
    Removing stm32f4xx_hal_uart.o(.ARM.exidx.text.HAL_UART_IRQHandler), (8 bytes).
    Removing stm32f4xx_hal_uart.o(.ARM.exidx.text.UART_Receive_IT), (8 bytes).
    Removing stm32f4xx_hal_uart.o(.ARM.exidx.text.UART_DMAAbortOnError), (8 bytes).
    Removing stm32f4xx_hal_uart.o(.ARM.exidx.text.HAL_UART_ErrorCallback), (8 bytes).
    Removing stm32f4xx_hal_uart.o(.text.HAL_UARTEx_RxEventCallback), (12 bytes).
    Removing stm32f4xx_hal_uart.o(.ARM.exidx.text.HAL_UARTEx_RxEventCallback), (8 bytes).
    Removing stm32f4xx_hal_uart.o(.ARM.exidx.text.UART_Transmit_IT), (8 bytes).
    Removing stm32f4xx_hal_uart.o(.ARM.exidx.text.UART_EndTransmit_IT), (8 bytes).
    Removing stm32f4xx_hal_uart.o(.ARM.exidx.text.HAL_UART_TxCpltCallback), (8 bytes).
    Removing stm32f4xx_hal_uart.o(.text.HAL_UART_TxHalfCpltCallback), (8 bytes).
    Removing stm32f4xx_hal_uart.o(.ARM.exidx.text.HAL_UART_TxHalfCpltCallback), (8 bytes).
    Removing stm32f4xx_hal_uart.o(.ARM.exidx.text.HAL_UART_RxCpltCallback), (8 bytes).
    Removing stm32f4xx_hal_uart.o(.ARM.exidx.text.HAL_UART_RxHalfCpltCallback), (8 bytes).
    Removing stm32f4xx_hal_uart.o(.text.HAL_LIN_SendBreak), (120 bytes).
    Removing stm32f4xx_hal_uart.o(.ARM.exidx.text.HAL_LIN_SendBreak), (8 bytes).
    Removing stm32f4xx_hal_uart.o(.text.HAL_MultiProcessor_EnterMuteMode), (126 bytes).
    Removing stm32f4xx_hal_uart.o(.ARM.exidx.text.HAL_MultiProcessor_EnterMuteMode), (8 bytes).
    Removing stm32f4xx_hal_uart.o(.text.HAL_MultiProcessor_ExitMuteMode), (126 bytes).
    Removing stm32f4xx_hal_uart.o(.ARM.exidx.text.HAL_MultiProcessor_ExitMuteMode), (8 bytes).
    Removing stm32f4xx_hal_uart.o(.text.HAL_HalfDuplex_EnableTransmitter), (118 bytes).
    Removing stm32f4xx_hal_uart.o(.ARM.exidx.text.HAL_HalfDuplex_EnableTransmitter), (8 bytes).
    Removing stm32f4xx_hal_uart.o(.text.HAL_HalfDuplex_EnableReceiver), (118 bytes).
    Removing stm32f4xx_hal_uart.o(.ARM.exidx.text.HAL_HalfDuplex_EnableReceiver), (8 bytes).
    Removing stm32f4xx_hal_uart.o(.text.HAL_UART_GetState), (40 bytes).
    Removing stm32f4xx_hal_uart.o(.ARM.exidx.text.HAL_UART_GetState), (8 bytes).
    Removing stm32f4xx_hal_uart.o(.text.HAL_UART_GetError), (12 bytes).
    Removing stm32f4xx_hal_uart.o(.ARM.exidx.text.HAL_UART_GetError), (8 bytes).
    Removing stm32f4xx_hal_uart.o(.ARM.exidx.text.UART_DMAReceiveCplt), (8 bytes).
    Removing stm32f4xx_hal_uart.o(.ARM.exidx.text.UART_DMARxHalfCplt), (8 bytes).
    Removing system_stm32f4xx.o(.text), (0 bytes).
    Removing system_stm32f4xx.o(.ARM.exidx.text.SystemInit), (8 bytes).
    Removing system_stm32f4xx.o(.text.SystemCoreClockUpdate), (288 bytes).
    Removing system_stm32f4xx.o(.ARM.exidx.text.SystemCoreClockUpdate), (8 bytes).
    Removing callback.o(.ARM.exidx.text._ZN3IMUC2Ev), (8 bytes).
    Removing controller.o(.ARM.exidx.text._Z14linear_mappingfffff), (8 bytes).

925 unused section(s) (total 70522 bytes) removed from the image.

==============================================================================

Image Symbol Table

    Local Symbols

    Symbol Name                              Value     Ov Type        Size  Object(Section)

    ../clib/microlib/cpp/cpp_init.c          0x00000000   Number         0  cpp_init.o ABSOLUTE
    ../clib/microlib/cpp/cpp_init.c          0x00000000   Number         0  cpp_init.o ABSOLUTE
    ../clib/microlib/division.c              0x00000000   Number         0  uldiv.o ABSOLUTE
    ../clib/microlib/errno.c                 0x00000000   Number         0  errno.o ABSOLUTE
    ../clib/microlib/init/entry.s            0x00000000   Number         0  entry.o ABSOLUTE
    ../clib/microlib/init/entry.s            0x00000000   Number         0  entry2.o ABSOLUTE
    ../clib/microlib/init/entry.s            0x00000000   Number         0  entry5.o ABSOLUTE
    ../clib/microlib/init/entry.s            0x00000000   Number         0  entry7a.o ABSOLUTE
    ../clib/microlib/init/entry.s            0x00000000   Number         0  entry7b.o ABSOLUTE
    ../clib/microlib/init/entry.s            0x00000000   Number         0  entry8a.o ABSOLUTE
    ../clib/microlib/init/entry.s            0x00000000   Number         0  entry8b.o ABSOLUTE
    ../clib/microlib/init/entry.s            0x00000000   Number         0  entry9a.o ABSOLUTE
    ../clib/microlib/init/entry.s            0x00000000   Number         0  entry9b.o ABSOLUTE
    ../clib/microlib/init/entry.s            0x00000000   Number         0  entry10a.o ABSOLUTE
    ../clib/microlib/init/entry.s            0x00000000   Number         0  entry10b.o ABSOLUTE
    ../clib/microlib/init/entry.s            0x00000000   Number         0  entry11a.o ABSOLUTE
    ../clib/microlib/init/entry.s            0x00000000   Number         0  entry11b.o ABSOLUTE
    ../clib/microlib/longlong.c              0x00000000   Number         0  llshl.o ABSOLUTE
    ../clib/microlib/longlong.c              0x00000000   Number         0  llushr.o ABSOLUTE
    ../clib/microlib/string/memset.c         0x00000000   Number         0  memseta.o ABSOLUTE
    ../clib/microlib/stubs.s                 0x00000000   Number         0  iusefp.o ABSOLUTE
    ../clib/r_arm_target.c                   0x00000000   Number         0  __ARM_resolve_target1.o ABSOLUTE
    ../clib/r_arm_target.c                   0x00000000   Number         0  __ARM_resolve_target1_abs32.o ABSOLUTE
    ../fplib/microlib/d2f.c                  0x00000000   Number         0  d2f.o ABSOLUTE
    ../fplib/microlib/f2d.c                  0x00000000   Number         0  f2d.o ABSOLUTE
    ../fplib/microlib/fpdiv.c                0x00000000   Number         0  ddiv.o ABSOLUTE
    ../fplib/microlib/fpepilogue.c           0x00000000   Number         0  fepilogue.o ABSOLUTE
    ../fplib/microlib/fpepilogue.c           0x00000000   Number         0  depilogue.o ABSOLUTE
    ../fplib/microlib/fpmul.c                0x00000000   Number         0  dmul.o ABSOLUTE
    ../fplib/microlib/fprem.c                0x00000000   Number         0  frem.o ABSOLUTE
    ../mathlib/atan2f.c                      0x00000000   Number         0  atan2f.o ABSOLUTE
    ../mathlib/cosf.c                        0x00000000   Number         0  cosf.o ABSOLUTE
    ../mathlib/fmodf.c                       0x00000000   Number         0  fmodf.o ABSOLUTE
    ../mathlib/fpclassifyf.c                 0x00000000   Number         0  fpclassifyf.o ABSOLUTE
    ../mathlib/funder.c                      0x00000000   Number         0  funder.o ABSOLUTE
    ../mathlib/rredf.c                       0x00000000   Number         0  rredf.o ABSOLUTE
    ../mathlib/sinf.c                        0x00000000   Number         0  sinf.o ABSOLUTE
    ../mathlib/sqrtf.c                       0x00000000   Number         0  sqrtf.o ABSOLUTE
    BMI088.cpp                               0x00000000   Number         0  bmi088.o ABSOLUTE
    Controller.cpp                           0x00000000   Number         0  controller.o ABSOLUTE
    callback.cpp                             0x00000000   Number         0  callback.o ABSOLUTE
    dc.s                                     0x00000000   Number         0  dc.o ABSOLUTE
    dma.c                                    0x00000000   Number         0  dma.o ABSOLUTE
    gpio.c                                   0x00000000   Number         0  gpio.o ABSOLUTE
    handlers.s                               0x00000000   Number         0  handlers.o ABSOLUTE
    init.s                                   0x00000000   Number         0  init.o ABSOLUTE
    main.c                                   0x00000000   Number         0  main.o ABSOLUTE
    spi.c                                    0x00000000   Number         0  spi.o ABSOLUTE
    startup_stm32f407xx.s                    0x00000000   Number         0  startup_stm32f407xx.o ABSOLUTE
    stm32f4xx_hal.c                          0x00000000   Number         0  stm32f4xx_hal.o ABSOLUTE
    stm32f4xx_hal_cortex.c                   0x00000000   Number         0  stm32f4xx_hal_cortex.o ABSOLUTE
    stm32f4xx_hal_dma.c                      0x00000000   Number         0  stm32f4xx_hal_dma.o ABSOLUTE
    stm32f4xx_hal_dma_ex.c                   0x00000000   Number         0  stm32f4xx_hal_dma_ex.o ABSOLUTE
    stm32f4xx_hal_exti.c                     0x00000000   Number         0  stm32f4xx_hal_exti.o ABSOLUTE
    stm32f4xx_hal_flash.c                    0x00000000   Number         0  stm32f4xx_hal_flash.o ABSOLUTE
    stm32f4xx_hal_flash_ex.c                 0x00000000   Number         0  stm32f4xx_hal_flash_ex.o ABSOLUTE
    stm32f4xx_hal_flash_ramfunc.c            0x00000000   Number         0  stm32f4xx_hal_flash_ramfunc.o ABSOLUTE
    stm32f4xx_hal_gpio.c                     0x00000000   Number         0  stm32f4xx_hal_gpio.o ABSOLUTE
    stm32f4xx_hal_msp.c                      0x00000000   Number         0  stm32f4xx_hal_msp.o ABSOLUTE
    stm32f4xx_hal_pwr.c                      0x00000000   Number         0  stm32f4xx_hal_pwr.o ABSOLUTE
    stm32f4xx_hal_pwr_ex.c                   0x00000000   Number         0  stm32f4xx_hal_pwr_ex.o ABSOLUTE
    stm32f4xx_hal_rcc.c                      0x00000000   Number         0  stm32f4xx_hal_rcc.o ABSOLUTE
    stm32f4xx_hal_rcc_ex.c                   0x00000000   Number         0  stm32f4xx_hal_rcc_ex.o ABSOLUTE
    stm32f4xx_hal_spi.c                      0x00000000   Number         0  stm32f4xx_hal_spi.o ABSOLUTE
    stm32f4xx_hal_tim.c                      0x00000000   Number         0  stm32f4xx_hal_tim.o ABSOLUTE
    stm32f4xx_hal_tim_ex.c                   0x00000000   Number         0  stm32f4xx_hal_tim_ex.o ABSOLUTE
    stm32f4xx_hal_uart.c                     0x00000000   Number         0  stm32f4xx_hal_uart.o ABSOLUTE
    stm32f4xx_it.c                           0x00000000   Number         0  stm32f4xx_it.o ABSOLUTE
    system_stm32f4xx.c                       0x00000000   Number         0  system_stm32f4xx.o ABSOLUTE
    tim.c                                    0x00000000   Number         0  tim.o ABSOLUTE
    usart.c                                  0x00000000   Number         0  usart.o ABSOLUTE
    RESET                                    0x08000000   Section      392  startup_stm32f407xx.o(RESET)
    .ARM.Collect$$$$00000000                 0x08000188   Section        0  entry.o(.ARM.Collect$$$$00000000)
    .ARM.Collect$$$$00000001                 0x08000188   Section        4  entry2.o(.ARM.Collect$$$$00000001)
    .ARM.Collect$$$$00000004                 0x0800018c   Section        4  entry5.o(.ARM.Collect$$$$00000004)
    .ARM.Collect$$$$00000008                 0x08000190   Section        0  entry7b.o(.ARM.Collect$$$$00000008)
    .ARM.Collect$$$$00000009                 0x08000190   Section        4  entry8a.o(.ARM.Collect$$$$00000009)
    .ARM.Collect$$$$0000000A                 0x08000194   Section        0  entry8b.o(.ARM.Collect$$$$0000000A)
    .ARM.Collect$$$$0000000B                 0x08000194   Section        8  entry9a.o(.ARM.Collect$$$$0000000B)
    __lit__00000000                          0x0800019c   Data           4  entry2.o(.ARM.Collect$$$$00002712)
    .ARM.Collect$$$$0000000D                 0x0800019c   Section        0  entry10a.o(.ARM.Collect$$$$0000000D)
    .ARM.Collect$$$$0000000F                 0x0800019c   Section        0  entry11a.o(.ARM.Collect$$$$0000000F)
    .ARM.Collect$$$$00002712                 0x0800019c   Section        4  entry2.o(.ARM.Collect$$$$00002712)
    $v0                                      0x080001a0   Number         0  startup_stm32f407xx.o(.text)
    .text                                    0x080001a0   Section       36  startup_stm32f407xx.o(.text)
    .text                                    0x080001c4   Section        0  uldiv.o(.text)
    .text                                    0x08000226   Section        0  memseta.o(.text)
    .text                                    0x0800024c   Section        0  cpp_init.o(.text)
    .text                                    0x0800026c   Section        0  dmul.o(.text)
    .text                                    0x08000350   Section        0  ddiv.o(.text)
    .text                                    0x0800042e   Section        0  f2d.o(.text)
    .text                                    0x08000454   Section        0  d2f.o(.text)
    .text                                    0x0800048c   Section        0  llshl.o(.text)
    .text                                    0x080004aa   Section        0  llushr.o(.text)
    .text                                    0x080004ca   Section        0  iusefp.o(.text)
    .text                                    0x080004ca   Section        0  fepilogue.o(.text)
    .text                                    0x08000538   Section        0  frem.o(.text)
    .text                                    0x0800058a   Section        0  depilogue.o(.text)
    .text                                    0x08000644   Section       36  init.o(.text)
    [Anonymous Symbol]                       0x08000668   Section        0  stm32f4xx_it.o(.text.BusFault_Handler)
    [Anonymous Symbol]                       0x0800066c   Section        0  stm32f4xx_it.o(.text.DMA1_Stream1_IRQHandler)
    DMA_CalcBaseAndBitshift                  0x0800067d   Thumb Code    86  stm32f4xx_hal_dma.o(.text.DMA_CalcBaseAndBitshift)
    [Anonymous Symbol]                       0x0800067c   Section        0  stm32f4xx_hal_dma.o(.text.DMA_CalcBaseAndBitshift)
    DMA_CheckFifoParam                       0x080006d5   Thumb Code   240  stm32f4xx_hal_dma.o(.text.DMA_CheckFifoParam)
    [Anonymous Symbol]                       0x080006d4   Section        0  stm32f4xx_hal_dma.o(.text.DMA_CheckFifoParam)
    DMA_SetConfig                            0x080007c5   Thumb Code    80  stm32f4xx_hal_dma.o(.text.DMA_SetConfig)
    [Anonymous Symbol]                       0x080007c4   Section        0  stm32f4xx_hal_dma.o(.text.DMA_SetConfig)
    [Anonymous Symbol]                       0x08000814   Section        0  stm32f4xx_it.o(.text.DebugMon_Handler)
    [Anonymous Symbol]                       0x08000818   Section        0  stm32f4xx_it.o(.text.EXTI4_IRQHandler)
    [Anonymous Symbol]                       0x08000824   Section        0  stm32f4xx_it.o(.text.EXTI9_5_IRQHandler)
    [Anonymous Symbol]                       0x08000830   Section        0  main.o(.text.Error_Handler)
    [Anonymous Symbol]                       0x08000838   Section        0  stm32f4xx_hal_dma.o(.text.HAL_DMA_Abort)
    [Anonymous Symbol]                       0x08000924   Section        0  stm32f4xx_hal_dma.o(.text.HAL_DMA_Abort_IT)
    [Anonymous Symbol]                       0x08000968   Section        0  stm32f4xx_hal_dma.o(.text.HAL_DMA_IRQHandler)
    [Anonymous Symbol]                       0x08000c88   Section        0  stm32f4xx_hal_dma.o(.text.HAL_DMA_Init)
    [Anonymous Symbol]                       0x08000df8   Section        0  stm32f4xx_hal_dma.o(.text.HAL_DMA_Start_IT)
    [Anonymous Symbol]                       0x08000ebc   Section        0  stm32f4xx_hal.o(.text.HAL_Delay)
    [Anonymous Symbol]                       0x08000f00   Section        0  callback.o(.text.HAL_GPIO_EXTI_Callback)
    [Anonymous Symbol]                       0x08000f24   Section        0  stm32f4xx_hal_gpio.o(.text.HAL_GPIO_EXTI_IRQHandler)
    [Anonymous Symbol]                       0x08000f5c   Section        0  stm32f4xx_hal_gpio.o(.text.HAL_GPIO_Init)
    [Anonymous Symbol]                       0x08001314   Section        0  stm32f4xx_hal_gpio.o(.text.HAL_GPIO_WritePin)
    [Anonymous Symbol]                       0x08001344   Section        0  stm32f4xx_hal.o(.text.HAL_GetTick)
    [Anonymous Symbol]                       0x08001350   Section        0  stm32f4xx_hal.o(.text.HAL_IncTick)
    [Anonymous Symbol]                       0x0800136c   Section        0  stm32f4xx_hal.o(.text.HAL_Init)
    [Anonymous Symbol]                       0x080013a4   Section        0  stm32f4xx_hal.o(.text.HAL_InitTick)
    [Anonymous Symbol]                       0x08001414   Section        0  stm32f4xx_hal_msp.o(.text.HAL_MspInit)
    [Anonymous Symbol]                       0x08001460   Section        0  stm32f4xx_hal_cortex.o(.text.HAL_NVIC_EnableIRQ)
    [Anonymous Symbol]                       0x08001474   Section        0  stm32f4xx_hal_cortex.o(.text.HAL_NVIC_SetPriority)
    [Anonymous Symbol]                       0x080014a8   Section        0  stm32f4xx_hal_cortex.o(.text.HAL_NVIC_SetPriorityGrouping)
    [Anonymous Symbol]                       0x080014b8   Section        0  stm32f4xx_hal_rcc.o(.text.HAL_RCC_CSSCallback)
    [Anonymous Symbol]                       0x080014bc   Section        0  stm32f4xx_hal_rcc.o(.text.HAL_RCC_ClockConfig)
    [Anonymous Symbol]                       0x08001720   Section        0  stm32f4xx_hal_rcc.o(.text.HAL_RCC_EnableCSS)
    [Anonymous Symbol]                       0x0800172c   Section        0  stm32f4xx_hal_rcc.o(.text.HAL_RCC_GetHCLKFreq)
    [Anonymous Symbol]                       0x08001738   Section        0  stm32f4xx_hal_rcc.o(.text.HAL_RCC_GetPCLK1Freq)
    [Anonymous Symbol]                       0x0800175c   Section        0  stm32f4xx_hal_rcc.o(.text.HAL_RCC_GetPCLK2Freq)
    [Anonymous Symbol]                       0x08001780   Section        0  stm32f4xx_hal_rcc.o(.text.HAL_RCC_GetSysClockFreq)
    [Anonymous Symbol]                       0x08001868   Section        0  stm32f4xx_hal_rcc.o(.text.HAL_RCC_NMI_IRQHandler)
    [Anonymous Symbol]                       0x08001890   Section        0  stm32f4xx_hal_rcc.o(.text.HAL_RCC_OscConfig)
    [Anonymous Symbol]                       0x08001f50   Section        0  stm32f4xx_hal_spi.o(.text.HAL_SPI_GetState)
    [Anonymous Symbol]                       0x08001f60   Section        0  stm32f4xx_hal_spi.o(.text.HAL_SPI_Init)
    [Anonymous Symbol]                       0x08002060   Section        0  spi.o(.text.HAL_SPI_MspInit)
    [Anonymous Symbol]                       0x08002144   Section        0  stm32f4xx_hal_spi.o(.text.HAL_SPI_Receive)
    [Anonymous Symbol]                       0x08002394   Section        0  stm32f4xx_hal_spi.o(.text.HAL_SPI_Transmit)
    [Anonymous Symbol]                       0x08002638   Section        0  stm32f4xx_hal_spi.o(.text.HAL_SPI_TransmitReceive)
    [Anonymous Symbol]                       0x080029dc   Section        0  stm32f4xx_hal_cortex.o(.text.HAL_SYSTICK_Config)
    [Anonymous Symbol]                       0x080029ec   Section        0  stm32f4xx_hal_tim_ex.o(.text.HAL_TIMEx_BreakCallback)
    [Anonymous Symbol]                       0x080029f4   Section        0  stm32f4xx_hal_tim_ex.o(.text.HAL_TIMEx_CommutCallback)
    [Anonymous Symbol]                       0x080029fc   Section        0  stm32f4xx_hal_tim_ex.o(.text.HAL_TIMEx_MasterConfigSynchronization)
    [Anonymous Symbol]                       0x08002b20   Section        0  stm32f4xx_hal_tim.o(.text.HAL_TIM_Base_Init)
    [Anonymous Symbol]                       0x08002bbc   Section        0  tim.o(.text.HAL_TIM_Base_MspInit)
    [Anonymous Symbol]                       0x08002c10   Section        0  stm32f4xx_hal_tim.o(.text.HAL_TIM_Base_Start_IT)
    [Anonymous Symbol]                       0x08002d08   Section        0  stm32f4xx_hal_tim.o(.text.HAL_TIM_IC_CaptureCallback)
    [Anonymous Symbol]                       0x08002d10   Section        0  stm32f4xx_hal_tim.o(.text.HAL_TIM_IRQHandler)
    [Anonymous Symbol]                       0x08002f2c   Section        0  stm32f4xx_hal_tim.o(.text.HAL_TIM_OC_DelayElapsedCallback)
    [Anonymous Symbol]                       0x08002f34   Section        0  stm32f4xx_hal_tim.o(.text.HAL_TIM_PWM_PulseFinishedCallback)
    [Anonymous Symbol]                       0x08002f3c   Section        0  callback.o(.text.HAL_TIM_PeriodElapsedCallback)
    [Anonymous Symbol]                       0x08002f74   Section        0  stm32f4xx_hal_tim.o(.text.HAL_TIM_TriggerCallback)
    [Anonymous Symbol]                       0x08002f7c   Section        0  stm32f4xx_hal_uart.o(.text.HAL_UARTEx_ReceiveToIdle_DMA)
    [Anonymous Symbol]                       0x08003034   Section        0  callback.o(.text.HAL_UARTEx_RxEventCallback)
    [Anonymous Symbol]                       0x08003088   Section        0  stm32f4xx_hal_uart.o(.text.HAL_UART_ErrorCallback)
    [Anonymous Symbol]                       0x08003090   Section        0  stm32f4xx_hal_uart.o(.text.HAL_UART_IRQHandler)
    [Anonymous Symbol]                       0x080034ec   Section        0  stm32f4xx_hal_uart.o(.text.HAL_UART_Init)
    [Anonymous Symbol]                       0x0800358c   Section        0  usart.o(.text.HAL_UART_MspInit)
    [Anonymous Symbol]                       0x08003684   Section        0  stm32f4xx_hal_uart.o(.text.HAL_UART_RxCpltCallback)
    [Anonymous Symbol]                       0x0800368c   Section        0  stm32f4xx_hal_uart.o(.text.HAL_UART_RxHalfCpltCallback)
    [Anonymous Symbol]                       0x08003694   Section        0  stm32f4xx_hal_uart.o(.text.HAL_UART_TxCpltCallback)
    [Anonymous Symbol]                       0x0800369c   Section        0  stm32f4xx_it.o(.text.HardFault_Handler)
    [Anonymous Symbol]                       0x080036a0   Section        0  dma.o(.text.MX_DMA_Init)
    [Anonymous Symbol]                       0x080036dc   Section        0  gpio.o(.text.MX_GPIO_Init)
    [Anonymous Symbol]                       0x08003810   Section        0  spi.o(.text.MX_SPI1_Init)
    [Anonymous Symbol]                       0x08003860   Section        0  tim.o(.text.MX_TIM6_Init)
    [Anonymous Symbol]                       0x080038bc   Section        0  usart.o(.text.MX_USART3_UART_Init)
    [Anonymous Symbol]                       0x08003908   Section        0  stm32f4xx_it.o(.text.MemManage_Handler)
    [Anonymous Symbol]                       0x0800390c   Section        0  stm32f4xx_it.o(.text.NMI_Handler)
    NVIC_EncodePriority                      0x08003919   Thumb Code   108  stm32f4xx_hal_cortex.o(.text.NVIC_EncodePriority)
    [Anonymous Symbol]                       0x08003918   Section        0  stm32f4xx_hal_cortex.o(.text.NVIC_EncodePriority)
    [Anonymous Symbol]                       0x08003984   Section        0  stm32f4xx_it.o(.text.PendSV_Handler)
    SPI_EndRxTransaction                     0x08003989   Thumb Code   228  stm32f4xx_hal_spi.o(.text.SPI_EndRxTransaction)
    [Anonymous Symbol]                       0x08003988   Section        0  stm32f4xx_hal_spi.o(.text.SPI_EndRxTransaction)
    SPI_EndRxTxTransaction                   0x08003a6d   Thumb Code   204  stm32f4xx_hal_spi.o(.text.SPI_EndRxTxTransaction)
    [Anonymous Symbol]                       0x08003a6c   Section        0  stm32f4xx_hal_spi.o(.text.SPI_EndRxTxTransaction)
    SPI_WaitFlagStateUntilTimeout            0x08003b39   Thumb Code   300  stm32f4xx_hal_spi.o(.text.SPI_WaitFlagStateUntilTimeout)
    [Anonymous Symbol]                       0x08003b38   Section        0  stm32f4xx_hal_spi.o(.text.SPI_WaitFlagStateUntilTimeout)
    [Anonymous Symbol]                       0x08003c64   Section        0  stm32f4xx_it.o(.text.SVC_Handler)
    SysTick_Config                           0x08003c69   Thumb Code    82  stm32f4xx_hal_cortex.o(.text.SysTick_Config)
    [Anonymous Symbol]                       0x08003c68   Section        0  stm32f4xx_hal_cortex.o(.text.SysTick_Config)
    [Anonymous Symbol]                       0x08003cbc   Section        0  stm32f4xx_it.o(.text.SysTick_Handler)
    [Anonymous Symbol]                       0x08003cc4   Section        0  system_stm32f4xx.o(.text.SystemInit)
    [Anonymous Symbol]                       0x08003cd8   Section        0  stm32f4xx_it.o(.text.TIM6_DAC_IRQHandler)
    [Anonymous Symbol]                       0x08003ce8   Section        0  stm32f4xx_hal_tim.o(.text.TIM_Base_SetConfig)
    UART_DMAAbortOnError                     0x08003e8d   Thumb Code    28  stm32f4xx_hal_uart.o(.text.UART_DMAAbortOnError)
    [Anonymous Symbol]                       0x08003e8c   Section        0  stm32f4xx_hal_uart.o(.text.UART_DMAAbortOnError)
    UART_DMAError                            0x08003ea9   Thumb Code   124  stm32f4xx_hal_uart.o(.text.UART_DMAError)
    [Anonymous Symbol]                       0x08003ea8   Section        0  stm32f4xx_hal_uart.o(.text.UART_DMAError)
    UART_DMAReceiveCplt                      0x08003f25   Thumb Code   244  stm32f4xx_hal_uart.o(.text.UART_DMAReceiveCplt)
    [Anonymous Symbol]                       0x08003f24   Section        0  stm32f4xx_hal_uart.o(.text.UART_DMAReceiveCplt)
    UART_DMARxHalfCplt                       0x08004019   Thumb Code    52  stm32f4xx_hal_uart.o(.text.UART_DMARxHalfCplt)
    [Anonymous Symbol]                       0x08004018   Section        0  stm32f4xx_hal_uart.o(.text.UART_DMARxHalfCplt)
    UART_EndRxTransfer                       0x0800404d   Thumb Code   148  stm32f4xx_hal_uart.o(.text.UART_EndRxTransfer)
    [Anonymous Symbol]                       0x0800404c   Section        0  stm32f4xx_hal_uart.o(.text.UART_EndRxTransfer)
    UART_EndTransmit_IT                      0x080040e1   Thumb Code    38  stm32f4xx_hal_uart.o(.text.UART_EndTransmit_IT)
    [Anonymous Symbol]                       0x080040e0   Section        0  stm32f4xx_hal_uart.o(.text.UART_EndTransmit_IT)
    UART_EndTxTransfer                       0x08004109   Thumb Code    54  stm32f4xx_hal_uart.o(.text.UART_EndTxTransfer)
    [Anonymous Symbol]                       0x08004108   Section        0  stm32f4xx_hal_uart.o(.text.UART_EndTxTransfer)
    UART_Receive_IT                          0x08004141   Thumb Code   360  stm32f4xx_hal_uart.o(.text.UART_Receive_IT)
    [Anonymous Symbol]                       0x08004140   Section        0  stm32f4xx_hal_uart.o(.text.UART_Receive_IT)
    UART_SetConfig                           0x080042a9   Thumb Code   314  stm32f4xx_hal_uart.o(.text.UART_SetConfig)
    [Anonymous Symbol]                       0x080042a8   Section        0  stm32f4xx_hal_uart.o(.text.UART_SetConfig)
    [Anonymous Symbol]                       0x080043e4   Section        0  stm32f4xx_hal_uart.o(.text.UART_Start_Receive_DMA)
    UART_Transmit_IT                         0x08004515   Thumb Code   148  stm32f4xx_hal_uart.o(.text.UART_Transmit_IT)
    [Anonymous Symbol]                       0x08004514   Section        0  stm32f4xx_hal_uart.o(.text.UART_Transmit_IT)
    [Anonymous Symbol]                       0x080045a8   Section        0  stm32f4xx_it.o(.text.USART3_IRQHandler)
    [Anonymous Symbol]                       0x080045b8   Section        0  stm32f4xx_it.o(.text.UsageFault_Handler)
    _GLOBAL__sub_I_callback.cpp              0x080045bd   Thumb Code     8  callback.o(.text._GLOBAL__sub_I_callback.cpp)
    [Anonymous Symbol]                       0x080045bc   Section        0  callback.o(.text._GLOBAL__sub_I_callback.cpp)
    _GLOBAL__sub_I_main.c                    0x080045c5   Thumb Code     8  main.o(.text._GLOBAL__sub_I_main.c)
    [Anonymous Symbol]                       0x080045c4   Section        0  main.o(.text._GLOBAL__sub_I_main.c)
    [Anonymous Symbol]                       0x080045cc   Section        0  bmi088.o(.text._Z11bmi088_initv)
    [Anonymous Symbol]                       0x08004668   Section        0  controller.o(.text._Z14linear_mappingfffff)
    [Anonymous Symbol]                       0x080046b0   Section        0  bmi088.o(.text._Z15BMI088_ReadBytePhh)
    [Anonymous Symbol]                       0x080046ec   Section        0  bmi088.o(.text._Z15BMI088_WriteReghh)
    [Anonymous Symbol]                       0x08004710   Section        0  bmi088.o(.text._Z16BMI088_WriteByteh)
    [Anonymous Symbol]                       0x08004748   Section        0  main.o(.text._Z18SystemClock_Configv)
    [Anonymous Symbol]                       0x08004808   Section        0  bmi088.o(.text._Z20bmi088_gyro_read_reghPhh)
    [Anonymous Symbol]                       0x0800485c   Section        0  bmi088.o(.text._Z21bmi088_accel_read_reghPhh)
    [Anonymous Symbol]                       0x080048bc   Section        0  controller.o(.text._ZN10Controller6handleEv)
    [Anonymous Symbol]                       0x08004a0c   Section        0  controller.o(.text._ZN10ControllerC2EP20__UART_HandleTypeDef)
    [Anonymous Symbol]                       0x08004a50   Section        0  bmi088.o(.text._ZN3IMU13acc_calculateEv)
    [Anonymous Symbol]                       0x08004c2c   Section        0  bmi088.o(.text._ZN3IMU14gyro_calculateEv)
    [Anonymous Symbol]                       0x08004d00   Section        0  bmi088.o(.text._ZN3IMU18update_orientationEt)
    [Anonymous Symbol]                       0x080052a8   Section        0  callback.o(.text._ZN3IMUC2Ev)
    __NVIC_EnableIRQ                         0x0800531d   Thumb Code    48  stm32f4xx_hal_cortex.o(.text.__NVIC_EnableIRQ)
    [Anonymous Symbol]                       0x0800531c   Section        0  stm32f4xx_hal_cortex.o(.text.__NVIC_EnableIRQ)
    __NVIC_GetPriorityGrouping               0x0800534d   Thumb Code    16  stm32f4xx_hal_cortex.o(.text.__NVIC_GetPriorityGrouping)
    [Anonymous Symbol]                       0x0800534c   Section        0  stm32f4xx_hal_cortex.o(.text.__NVIC_GetPriorityGrouping)
    __NVIC_SetPriority                       0x0800535d   Thumb Code    66  stm32f4xx_hal_cortex.o(.text.__NVIC_SetPriority)
    [Anonymous Symbol]                       0x0800535c   Section        0  stm32f4xx_hal_cortex.o(.text.__NVIC_SetPriority)
    __NVIC_SetPriorityGrouping               0x080053a1   Thumb Code    60  stm32f4xx_hal_cortex.o(.text.__NVIC_SetPriorityGrouping)
    [Anonymous Symbol]                       0x080053a0   Section        0  stm32f4xx_hal_cortex.o(.text.__NVIC_SetPriorityGrouping)
    __cxx_global_var_init                    0x080053dd   Thumb Code    16  callback.o(.text.__cxx_global_var_init)
    [Anonymous Symbol]                       0x080053dc   Section        0  callback.o(.text.__cxx_global_var_init)
    __cxx_global_var_init                    0x080053ed   Thumb Code    24  main.o(.text.__cxx_global_var_init)
    [Anonymous Symbol]                       0x080053ec   Section        0  main.o(.text.__cxx_global_var_init)
    [Anonymous Symbol]                       0x08005404   Section        0  main.o(.text.main)
    i.__ARM_fpclassifyf                      0x08005452   Section        0  fpclassifyf.o(i.__ARM_fpclassifyf)
    i.__hardfp_atan2f                        0x08005478   Section        0  atan2f.o(i.__hardfp_atan2f)
    i.__hardfp_cosf                          0x08005724   Section        0  cosf.o(i.__hardfp_cosf)
    i.__hardfp_fmodf                         0x08005874   Section        0  fmodf.o(i.__hardfp_fmodf)
    i.__hardfp_sinf                          0x08005924   Section        0  sinf.o(i.__hardfp_sinf)
    i.__hardfp_sqrtf                         0x08005ab4   Section        0  sqrtf.o(i.__hardfp_sqrtf)
    i.__mathlib_flt_infnan                   0x08005aee   Section        0  funder.o(i.__mathlib_flt_infnan)
    i.__mathlib_flt_infnan2                  0x08005af4   Section        0  funder.o(i.__mathlib_flt_infnan2)
    i.__mathlib_flt_invalid                  0x08005afc   Section        0  funder.o(i.__mathlib_flt_invalid)
    i.__mathlib_flt_underflow                0x08005b0c   Section        0  funder.o(i.__mathlib_flt_underflow)
    i.__mathlib_rredf2                       0x08005b1c   Section        0  rredf.o(i.__mathlib_rredf2)
    i.__scatterload_copy                     0x08005c70   Section       14  handlers.o(i.__scatterload_copy)
    i.__scatterload_null                     0x08005c7e   Section        2  handlers.o(i.__scatterload_null)
    i.__scatterload_zeroinit                 0x08005c80   Section       14  handlers.o(i.__scatterload_zeroinit)
    i.__set_errno                            0x08005c90   Section        0  errno.o(i.__set_errno)
    twooverpi                                0x08005c9c   Data          32  rredf.o(.constdata)
    .constdata                               0x08005c9c   Section       32  rredf.o(.constdata)
    DMA_CalcBaseAndBitshift.flagBitshiftOffset 0x08005cd4   Data           8  stm32f4xx_hal_dma.o(.rodata.DMA_CalcBaseAndBitshift.flagBitshiftOffset)
    [Anonymous Symbol]                       0x08005cd4   Section        0  stm32f4xx_hal_dma.o(.rodata.DMA_CalcBaseAndBitshift.flagBitshiftOffset)
    .init_array                              0x08005d04   Section        0  cpp_init.o(.init_array)
    _errno                                   0x20000000   Data           4  errno.o(.data)
    .data                                    0x20000000   Section        4  errno.o(.data)
    IMU::acc_calculate()::g                  0x20000008   Data           4  bmi088.o(.data._ZZN3IMU13acc_calculateEvE1g)
    [Anonymous Symbol]                       0x20000008   Section        0  bmi088.o(.data._ZZN3IMU13acc_calculateEvE1g)
    IMU::update_orientation(unsigned short)::K 0x2000000c   Data           4  bmi088.o(.data._ZZN3IMU18update_orientationEtE1K)
    [Anonymous Symbol]                       0x2000000c   Section        0  bmi088.o(.data._ZZN3IMU18update_orientationEtE1K)
    STACK                                    0x200001f8   Section     1024  startup_stm32f407xx.o(STACK)

    Global Symbols

    Symbol Name                              Value     Ov Type        Size  Object(Section)

    BuildAttributes$$THM_ISAv4$E$P$D$K$B$S$7EM$VFPi3$EXTD16$VFPS$VFMA$PE$A:L22UL41UL21$X:L11$S22US41US21$IEEE1$IW$~IW$USESV6$~STKCKD$USESV7$~SHL$OTIME$ROPI$IEEEX$EBA8$MICROLIB$REQ8$PRES8$EABIv2 0x00000000   Number         0  anon$$obj.o ABSOLUTE
    __cxa_finalize                            - Undefined Weak Reference
    __decompress                              - Undefined Weak Reference
    _clock_init                               - Undefined Weak Reference
    _microlib_exit                            - Undefined Weak Reference
    __Vectors_Size                           0x00000188   Number         0  startup_stm32f407xx.o ABSOLUTE
    __Vectors                                0x08000000   Data           4  startup_stm32f407xx.o(RESET)
    __Vectors_End                            0x08000188   Data           0  startup_stm32f407xx.o(RESET)
    __main                                   0x08000189   Thumb Code     0  entry.o(.ARM.Collect$$$$00000000)
    _main_stk                                0x08000189   Thumb Code     0  entry2.o(.ARM.Collect$$$$00000001)
    _main_scatterload                        0x0800018d   Thumb Code     0  entry5.o(.ARM.Collect$$$$00000004)
    __main_after_scatterload                 0x08000191   Thumb Code     0  entry5.o(.ARM.Collect$$$$00000004)
    _main_clock                              0x08000191   Thumb Code     0  entry7b.o(.ARM.Collect$$$$00000008)
    _main_cpp_init$empty                     0x08000191   Thumb Code     0  entry8a.o(.ARM.Collect$$$$00000009)
    _main_cpp_init                           0x08000195   Thumb Code     0  entry8b.o(.ARM.Collect$$$$0000000A)
    _main_init                               0x08000195   Thumb Code     0  entry9a.o(.ARM.Collect$$$$0000000B)
    __rt_final_cpp                           0x0800019d   Thumb Code     0  entry10a.o(.ARM.Collect$$$$0000000D)
    __rt_final_exit                          0x0800019d   Thumb Code     0  entry11a.o(.ARM.Collect$$$$0000000F)
    Reset_Handler                            0x080001a1   Thumb Code     8  startup_stm32f407xx.o(.text)
    ADC_IRQHandler                           0x080001bb   Thumb Code     0  startup_stm32f407xx.o(.text)
    CAN1_RX0_IRQHandler                      0x080001bb   Thumb Code     0  startup_stm32f407xx.o(.text)
    CAN1_RX1_IRQHandler                      0x080001bb   Thumb Code     0  startup_stm32f407xx.o(.text)
    CAN1_SCE_IRQHandler                      0x080001bb   Thumb Code     0  startup_stm32f407xx.o(.text)
    CAN1_TX_IRQHandler                       0x080001bb   Thumb Code     0  startup_stm32f407xx.o(.text)
    CAN2_RX0_IRQHandler                      0x080001bb   Thumb Code     0  startup_stm32f407xx.o(.text)
    CAN2_RX1_IRQHandler                      0x080001bb   Thumb Code     0  startup_stm32f407xx.o(.text)
    CAN2_SCE_IRQHandler                      0x080001bb   Thumb Code     0  startup_stm32f407xx.o(.text)
    CAN2_TX_IRQHandler                       0x080001bb   Thumb Code     0  startup_stm32f407xx.o(.text)
    DCMI_IRQHandler                          0x080001bb   Thumb Code     0  startup_stm32f407xx.o(.text)
    DMA1_Stream0_IRQHandler                  0x080001bb   Thumb Code     0  startup_stm32f407xx.o(.text)
    DMA1_Stream2_IRQHandler                  0x080001bb   Thumb Code     0  startup_stm32f407xx.o(.text)
    DMA1_Stream3_IRQHandler                  0x080001bb   Thumb Code     0  startup_stm32f407xx.o(.text)
    DMA1_Stream4_IRQHandler                  0x080001bb   Thumb Code     0  startup_stm32f407xx.o(.text)
    DMA1_Stream5_IRQHandler                  0x080001bb   Thumb Code     0  startup_stm32f407xx.o(.text)
    DMA1_Stream6_IRQHandler                  0x080001bb   Thumb Code     0  startup_stm32f407xx.o(.text)
    DMA1_Stream7_IRQHandler                  0x080001bb   Thumb Code     0  startup_stm32f407xx.o(.text)
    DMA2_Stream0_IRQHandler                  0x080001bb   Thumb Code     0  startup_stm32f407xx.o(.text)
    DMA2_Stream1_IRQHandler                  0x080001bb   Thumb Code     0  startup_stm32f407xx.o(.text)
    DMA2_Stream2_IRQHandler                  0x080001bb   Thumb Code     0  startup_stm32f407xx.o(.text)
    DMA2_Stream3_IRQHandler                  0x080001bb   Thumb Code     0  startup_stm32f407xx.o(.text)
    DMA2_Stream4_IRQHandler                  0x080001bb   Thumb Code     0  startup_stm32f407xx.o(.text)
    DMA2_Stream5_IRQHandler                  0x080001bb   Thumb Code     0  startup_stm32f407xx.o(.text)
    DMA2_Stream6_IRQHandler                  0x080001bb   Thumb Code     0  startup_stm32f407xx.o(.text)
    DMA2_Stream7_IRQHandler                  0x080001bb   Thumb Code     0  startup_stm32f407xx.o(.text)
    ETH_IRQHandler                           0x080001bb   Thumb Code     0  startup_stm32f407xx.o(.text)
    ETH_WKUP_IRQHandler                      0x080001bb   Thumb Code     0  startup_stm32f407xx.o(.text)
    EXTI0_IRQHandler                         0x080001bb   Thumb Code     0  startup_stm32f407xx.o(.text)
    EXTI15_10_IRQHandler                     0x080001bb   Thumb Code     0  startup_stm32f407xx.o(.text)
    EXTI1_IRQHandler                         0x080001bb   Thumb Code     0  startup_stm32f407xx.o(.text)
    EXTI2_IRQHandler                         0x080001bb   Thumb Code     0  startup_stm32f407xx.o(.text)
    EXTI3_IRQHandler                         0x080001bb   Thumb Code     0  startup_stm32f407xx.o(.text)
    FLASH_IRQHandler                         0x080001bb   Thumb Code     0  startup_stm32f407xx.o(.text)
    FMC_IRQHandler                           0x080001bb   Thumb Code     0  startup_stm32f407xx.o(.text)
    FPU_IRQHandler                           0x080001bb   Thumb Code     0  startup_stm32f407xx.o(.text)
    HASH_RNG_IRQHandler                      0x080001bb   Thumb Code     0  startup_stm32f407xx.o(.text)
    I2C1_ER_IRQHandler                       0x080001bb   Thumb Code     0  startup_stm32f407xx.o(.text)
    I2C1_EV_IRQHandler                       0x080001bb   Thumb Code     0  startup_stm32f407xx.o(.text)
    I2C2_ER_IRQHandler                       0x080001bb   Thumb Code     0  startup_stm32f407xx.o(.text)
    I2C2_EV_IRQHandler                       0x080001bb   Thumb Code     0  startup_stm32f407xx.o(.text)
    I2C3_ER_IRQHandler                       0x080001bb   Thumb Code     0  startup_stm32f407xx.o(.text)
    I2C3_EV_IRQHandler                       0x080001bb   Thumb Code     0  startup_stm32f407xx.o(.text)
    OTG_FS_IRQHandler                        0x080001bb   Thumb Code     0  startup_stm32f407xx.o(.text)
    OTG_FS_WKUP_IRQHandler                   0x080001bb   Thumb Code     0  startup_stm32f407xx.o(.text)
    OTG_HS_EP1_IN_IRQHandler                 0x080001bb   Thumb Code     0  startup_stm32f407xx.o(.text)
    OTG_HS_EP1_OUT_IRQHandler                0x080001bb   Thumb Code     0  startup_stm32f407xx.o(.text)
    OTG_HS_IRQHandler                        0x080001bb   Thumb Code     0  startup_stm32f407xx.o(.text)
    OTG_HS_WKUP_IRQHandler                   0x080001bb   Thumb Code     0  startup_stm32f407xx.o(.text)
    PVD_IRQHandler                           0x080001bb   Thumb Code     0  startup_stm32f407xx.o(.text)
    RCC_IRQHandler                           0x080001bb   Thumb Code     0  startup_stm32f407xx.o(.text)
    RTC_Alarm_IRQHandler                     0x080001bb   Thumb Code     0  startup_stm32f407xx.o(.text)
    RTC_WKUP_IRQHandler                      0x080001bb   Thumb Code     0  startup_stm32f407xx.o(.text)
    SDIO_IRQHandler                          0x080001bb   Thumb Code     0  startup_stm32f407xx.o(.text)
    SPI1_IRQHandler                          0x080001bb   Thumb Code     0  startup_stm32f407xx.o(.text)
    SPI2_IRQHandler                          0x080001bb   Thumb Code     0  startup_stm32f407xx.o(.text)
    SPI3_IRQHandler                          0x080001bb   Thumb Code     0  startup_stm32f407xx.o(.text)
    TAMP_STAMP_IRQHandler                    0x080001bb   Thumb Code     0  startup_stm32f407xx.o(.text)
    TIM1_BRK_TIM9_IRQHandler                 0x080001bb   Thumb Code     0  startup_stm32f407xx.o(.text)
    TIM1_CC_IRQHandler                       0x080001bb   Thumb Code     0  startup_stm32f407xx.o(.text)
    TIM1_TRG_COM_TIM11_IRQHandler            0x080001bb   Thumb Code     0  startup_stm32f407xx.o(.text)
    TIM1_UP_TIM10_IRQHandler                 0x080001bb   Thumb Code     0  startup_stm32f407xx.o(.text)
    TIM2_IRQHandler                          0x080001bb   Thumb Code     0  startup_stm32f407xx.o(.text)
    TIM3_IRQHandler                          0x080001bb   Thumb Code     0  startup_stm32f407xx.o(.text)
    TIM4_IRQHandler                          0x080001bb   Thumb Code     0  startup_stm32f407xx.o(.text)
    TIM5_IRQHandler                          0x080001bb   Thumb Code     0  startup_stm32f407xx.o(.text)
    TIM7_IRQHandler                          0x080001bb   Thumb Code     0  startup_stm32f407xx.o(.text)
    TIM8_BRK_TIM12_IRQHandler                0x080001bb   Thumb Code     0  startup_stm32f407xx.o(.text)
    TIM8_CC_IRQHandler                       0x080001bb   Thumb Code     0  startup_stm32f407xx.o(.text)
    TIM8_TRG_COM_TIM14_IRQHandler            0x080001bb   Thumb Code     0  startup_stm32f407xx.o(.text)
    TIM8_UP_TIM13_IRQHandler                 0x080001bb   Thumb Code     0  startup_stm32f407xx.o(.text)
    UART4_IRQHandler                         0x080001bb   Thumb Code     0  startup_stm32f407xx.o(.text)
    UART5_IRQHandler                         0x080001bb   Thumb Code     0  startup_stm32f407xx.o(.text)
    USART1_IRQHandler                        0x080001bb   Thumb Code     0  startup_stm32f407xx.o(.text)
    USART2_IRQHandler                        0x080001bb   Thumb Code     0  startup_stm32f407xx.o(.text)
    USART6_IRQHandler                        0x080001bb   Thumb Code     0  startup_stm32f407xx.o(.text)
    WWDG_IRQHandler                          0x080001bb   Thumb Code     0  startup_stm32f407xx.o(.text)
    __aeabi_uldivmod                         0x080001c5   Thumb Code    98  uldiv.o(.text)
    __aeabi_memset                           0x08000227   Thumb Code    14  memseta.o(.text)
    __aeabi_memset4                          0x08000227   Thumb Code     0  memseta.o(.text)
    __aeabi_memset8                          0x08000227   Thumb Code     0  memseta.o(.text)
    __aeabi_memclr                           0x08000235   Thumb Code     4  memseta.o(.text)
    __aeabi_memclr4                          0x08000235   Thumb Code     0  memseta.o(.text)
    __aeabi_memclr8                          0x08000235   Thumb Code     0  memseta.o(.text)
    _memset$wrapper                          0x08000239   Thumb Code    18  memseta.o(.text)
    __cpp_initialize__aeabi_                 0x0800024d   Thumb Code    24  cpp_init.o(.text)
    __aeabi_dmul                             0x0800026d   Thumb Code   228  dmul.o(.text)
    __aeabi_ddiv                             0x08000351   Thumb Code   222  ddiv.o(.text)
    __aeabi_f2d                              0x0800042f   Thumb Code    38  f2d.o(.text)
    __aeabi_d2f                              0x08000455   Thumb Code    56  d2f.o(.text)
    __aeabi_llsl                             0x0800048d   Thumb Code    30  llshl.o(.text)
    _ll_shift_l                              0x0800048d   Thumb Code     0  llshl.o(.text)
    __aeabi_llsr                             0x080004ab   Thumb Code    32  llushr.o(.text)
    _ll_ushift_r                             0x080004ab   Thumb Code     0  llushr.o(.text)
    __I$use$fp                               0x080004cb   Thumb Code     0  iusefp.o(.text)
    _float_round                             0x080004cb   Thumb Code    18  fepilogue.o(.text)
    _float_epilogue                          0x080004dd   Thumb Code    92  fepilogue.o(.text)
    _frem                                    0x08000539   Thumb Code    82  frem.o(.text)
    _double_round                            0x0800058b   Thumb Code    30  depilogue.o(.text)
    _double_epilogue                         0x080005a9   Thumb Code   156  depilogue.o(.text)
    __scatterload                            0x08000645   Thumb Code    28  init.o(.text)
    __scatterload_rt2                        0x08000645   Thumb Code     0  init.o(.text)
    BusFault_Handler                         0x08000669   Thumb Code     4  stm32f4xx_it.o(.text.BusFault_Handler)
    DMA1_Stream1_IRQHandler                  0x0800066d   Thumb Code    16  stm32f4xx_it.o(.text.DMA1_Stream1_IRQHandler)
    DebugMon_Handler                         0x08000815   Thumb Code     2  stm32f4xx_it.o(.text.DebugMon_Handler)
    EXTI4_IRQHandler                         0x08000819   Thumb Code    10  stm32f4xx_it.o(.text.EXTI4_IRQHandler)
    EXTI9_5_IRQHandler                       0x08000825   Thumb Code    10  stm32f4xx_it.o(.text.EXTI9_5_IRQHandler)
    Error_Handler                            0x08000831   Thumb Code     6  main.o(.text.Error_Handler)
    HAL_DMA_Abort                            0x08000839   Thumb Code   236  stm32f4xx_hal_dma.o(.text.HAL_DMA_Abort)
    HAL_DMA_Abort_IT                         0x08000925   Thumb Code    68  stm32f4xx_hal_dma.o(.text.HAL_DMA_Abort_IT)
    HAL_DMA_IRQHandler                       0x08000969   Thumb Code   798  stm32f4xx_hal_dma.o(.text.HAL_DMA_IRQHandler)
    HAL_DMA_Init                             0x08000c89   Thumb Code   366  stm32f4xx_hal_dma.o(.text.HAL_DMA_Init)
    HAL_DMA_Start_IT                         0x08000df9   Thumb Code   194  stm32f4xx_hal_dma.o(.text.HAL_DMA_Start_IT)
    HAL_Delay                                0x08000ebd   Thumb Code    66  stm32f4xx_hal.o(.text.HAL_Delay)
    HAL_GPIO_EXTI_Callback                   0x08000f01   Thumb Code    34  callback.o(.text.HAL_GPIO_EXTI_Callback)
    HAL_GPIO_EXTI_IRQHandler                 0x08000f25   Thumb Code    56  stm32f4xx_hal_gpio.o(.text.HAL_GPIO_EXTI_IRQHandler)
    HAL_GPIO_Init                            0x08000f5d   Thumb Code   950  stm32f4xx_hal_gpio.o(.text.HAL_GPIO_Init)
    HAL_GPIO_WritePin                        0x08001315   Thumb Code    46  stm32f4xx_hal_gpio.o(.text.HAL_GPIO_WritePin)
    HAL_GetTick                              0x08001345   Thumb Code    12  stm32f4xx_hal.o(.text.HAL_GetTick)
    HAL_IncTick                              0x08001351   Thumb Code    26  stm32f4xx_hal.o(.text.HAL_IncTick)
    HAL_Init                                 0x0800136d   Thumb Code    54  stm32f4xx_hal.o(.text.HAL_Init)
    HAL_InitTick                             0x080013a5   Thumb Code   112  stm32f4xx_hal.o(.text.HAL_InitTick)
    HAL_MspInit                              0x08001415   Thumb Code    74  stm32f4xx_hal_msp.o(.text.HAL_MspInit)
    HAL_NVIC_EnableIRQ                       0x08001461   Thumb Code    20  stm32f4xx_hal_cortex.o(.text.HAL_NVIC_EnableIRQ)
    HAL_NVIC_SetPriority                     0x08001475   Thumb Code    50  stm32f4xx_hal_cortex.o(.text.HAL_NVIC_SetPriority)
    HAL_NVIC_SetPriorityGrouping             0x080014a9   Thumb Code    16  stm32f4xx_hal_cortex.o(.text.HAL_NVIC_SetPriorityGrouping)
    HAL_RCC_CSSCallback                      0x080014b9   Thumb Code     2  stm32f4xx_hal_rcc.o(.text.HAL_RCC_CSSCallback)
    HAL_RCC_ClockConfig                      0x080014bd   Thumb Code   610  stm32f4xx_hal_rcc.o(.text.HAL_RCC_ClockConfig)
    HAL_RCC_EnableCSS                        0x08001721   Thumb Code    12  stm32f4xx_hal_rcc.o(.text.HAL_RCC_EnableCSS)
    HAL_RCC_GetHCLKFreq                      0x0800172d   Thumb Code    12  stm32f4xx_hal_rcc.o(.text.HAL_RCC_GetHCLKFreq)
    HAL_RCC_GetPCLK1Freq                     0x08001739   Thumb Code    34  stm32f4xx_hal_rcc.o(.text.HAL_RCC_GetPCLK1Freq)
    HAL_RCC_GetPCLK2Freq                     0x0800175d   Thumb Code    34  stm32f4xx_hal_rcc.o(.text.HAL_RCC_GetPCLK2Freq)
    HAL_RCC_GetSysClockFreq                  0x08001781   Thumb Code   230  stm32f4xx_hal_rcc.o(.text.HAL_RCC_GetSysClockFreq)
    HAL_RCC_NMI_IRQHandler                   0x08001869   Thumb Code    40  stm32f4xx_hal_rcc.o(.text.HAL_RCC_NMI_IRQHandler)
    HAL_RCC_OscConfig                        0x08001891   Thumb Code  1726  stm32f4xx_hal_rcc.o(.text.HAL_RCC_OscConfig)
    HAL_SPI_GetState                         0x08001f51   Thumb Code    14  stm32f4xx_hal_spi.o(.text.HAL_SPI_GetState)
    HAL_SPI_Init                             0x08001f61   Thumb Code   256  stm32f4xx_hal_spi.o(.text.HAL_SPI_Init)
    HAL_SPI_MspInit                          0x08002061   Thumb Code   228  spi.o(.text.HAL_SPI_MspInit)
    HAL_SPI_Receive                          0x08002145   Thumb Code   590  stm32f4xx_hal_spi.o(.text.HAL_SPI_Receive)
    HAL_SPI_Transmit                         0x08002395   Thumb Code   674  stm32f4xx_hal_spi.o(.text.HAL_SPI_Transmit)
    HAL_SPI_TransmitReceive                  0x08002639   Thumb Code   930  stm32f4xx_hal_spi.o(.text.HAL_SPI_TransmitReceive)
    HAL_SYSTICK_Config                       0x080029dd   Thumb Code    16  stm32f4xx_hal_cortex.o(.text.HAL_SYSTICK_Config)
    HAL_TIMEx_BreakCallback                  0x080029ed   Thumb Code     8  stm32f4xx_hal_tim_ex.o(.text.HAL_TIMEx_BreakCallback)
    HAL_TIMEx_CommutCallback                 0x080029f5   Thumb Code     8  stm32f4xx_hal_tim_ex.o(.text.HAL_TIMEx_CommutCallback)
    HAL_TIMEx_MasterConfigSynchronization    0x080029fd   Thumb Code   290  stm32f4xx_hal_tim_ex.o(.text.HAL_TIMEx_MasterConfigSynchronization)
    HAL_TIM_Base_Init                        0x08002b21   Thumb Code   156  stm32f4xx_hal_tim.o(.text.HAL_TIM_Base_Init)
    HAL_TIM_Base_MspInit                     0x08002bbd   Thumb Code    82  tim.o(.text.HAL_TIM_Base_MspInit)
    HAL_TIM_Base_Start_IT                    0x08002c11   Thumb Code   246  stm32f4xx_hal_tim.o(.text.HAL_TIM_Base_Start_IT)
    HAL_TIM_IC_CaptureCallback               0x08002d09   Thumb Code     8  stm32f4xx_hal_tim.o(.text.HAL_TIM_IC_CaptureCallback)
    HAL_TIM_IRQHandler                       0x08002d11   Thumb Code   538  stm32f4xx_hal_tim.o(.text.HAL_TIM_IRQHandler)
    HAL_TIM_OC_DelayElapsedCallback          0x08002f2d   Thumb Code     8  stm32f4xx_hal_tim.o(.text.HAL_TIM_OC_DelayElapsedCallback)
    HAL_TIM_PWM_PulseFinishedCallback        0x08002f35   Thumb Code     8  stm32f4xx_hal_tim.o(.text.HAL_TIM_PWM_PulseFinishedCallback)
    HAL_TIM_PeriodElapsedCallback            0x08002f3d   Thumb Code    56  callback.o(.text.HAL_TIM_PeriodElapsedCallback)
    HAL_TIM_TriggerCallback                  0x08002f75   Thumb Code     8  stm32f4xx_hal_tim.o(.text.HAL_TIM_TriggerCallback)
    HAL_UARTEx_ReceiveToIdle_DMA             0x08002f7d   Thumb Code   184  stm32f4xx_hal_uart.o(.text.HAL_UARTEx_ReceiveToIdle_DMA)
    HAL_UARTEx_RxEventCallback               0x08003035   Thumb Code    82  callback.o(.text.HAL_UARTEx_RxEventCallback)
    HAL_UART_ErrorCallback                   0x08003089   Thumb Code     8  stm32f4xx_hal_uart.o(.text.HAL_UART_ErrorCallback)
    HAL_UART_IRQHandler                      0x08003091   Thumb Code  1116  stm32f4xx_hal_uart.o(.text.HAL_UART_IRQHandler)
    HAL_UART_Init                            0x080034ed   Thumb Code   158  stm32f4xx_hal_uart.o(.text.HAL_UART_Init)
    HAL_UART_MspInit                         0x0800358d   Thumb Code   248  usart.o(.text.HAL_UART_MspInit)
    HAL_UART_RxCpltCallback                  0x08003685   Thumb Code     8  stm32f4xx_hal_uart.o(.text.HAL_UART_RxCpltCallback)
    HAL_UART_RxHalfCpltCallback              0x0800368d   Thumb Code     8  stm32f4xx_hal_uart.o(.text.HAL_UART_RxHalfCpltCallback)
    HAL_UART_TxCpltCallback                  0x08003695   Thumb Code     8  stm32f4xx_hal_uart.o(.text.HAL_UART_TxCpltCallback)
    HardFault_Handler                        0x0800369d   Thumb Code     4  stm32f4xx_it.o(.text.HardFault_Handler)
    MX_DMA_Init                              0x080036a1   Thumb Code    60  dma.o(.text.MX_DMA_Init)
    MX_GPIO_Init                             0x080036dd   Thumb Code   306  gpio.o(.text.MX_GPIO_Init)
    MX_SPI1_Init                             0x08003811   Thumb Code    78  spi.o(.text.MX_SPI1_Init)
    MX_TIM6_Init                             0x08003861   Thumb Code    90  tim.o(.text.MX_TIM6_Init)
    MX_USART3_UART_Init                      0x080038bd   Thumb Code    76  usart.o(.text.MX_USART3_UART_Init)
    MemManage_Handler                        0x08003909   Thumb Code     4  stm32f4xx_it.o(.text.MemManage_Handler)
    NMI_Handler                              0x0800390d   Thumb Code    10  stm32f4xx_it.o(.text.NMI_Handler)
    PendSV_Handler                           0x08003985   Thumb Code     2  stm32f4xx_it.o(.text.PendSV_Handler)
    SVC_Handler                              0x08003c65   Thumb Code     2  stm32f4xx_it.o(.text.SVC_Handler)
    SysTick_Handler                          0x08003cbd   Thumb Code     8  stm32f4xx_it.o(.text.SysTick_Handler)
    SystemInit                               0x08003cc5   Thumb Code    18  system_stm32f4xx.o(.text.SystemInit)
    TIM6_DAC_IRQHandler                      0x08003cd9   Thumb Code    16  stm32f4xx_it.o(.text.TIM6_DAC_IRQHandler)
    TIM_Base_SetConfig                       0x08003ce9   Thumb Code   420  stm32f4xx_hal_tim.o(.text.TIM_Base_SetConfig)
    UART_Start_Receive_DMA                   0x080043e5   Thumb Code   304  stm32f4xx_hal_uart.o(.text.UART_Start_Receive_DMA)
    USART3_IRQHandler                        0x080045a9   Thumb Code    16  stm32f4xx_it.o(.text.USART3_IRQHandler)
    UsageFault_Handler                       0x080045b9   Thumb Code     4  stm32f4xx_it.o(.text.UsageFault_Handler)
    bmi088_init()                            0x080045cd   Thumb Code   154  bmi088.o(.text._Z11bmi088_initv)
    linear_mapping(float, float, float, float, float) 0x08004669   Thumb Code    70  controller.o(.text._Z14linear_mappingfffff)
    BMI088_ReadByte(unsigned char*, unsigned char) 0x080046b1   Thumb Code    58  bmi088.o(.text._Z15BMI088_ReadBytePhh)
    BMI088_WriteReg(unsigned char, unsigned char) 0x080046ed   Thumb Code    36  bmi088.o(.text._Z15BMI088_WriteReghh)
    BMI088_WriteByte(unsigned char)          0x08004711   Thumb Code    56  bmi088.o(.text._Z16BMI088_WriteByteh)
    SystemClock_Config()                     0x08004749   Thumb Code   192  main.o(.text._Z18SystemClock_Configv)
    bmi088_gyro_read_reg(unsigned char, unsigned char*, unsigned char) 0x08004809   Thumb Code    84  bmi088.o(.text._Z20bmi088_gyro_read_reghPhh)
    bmi088_accel_read_reg(unsigned char, unsigned char*, unsigned char) 0x0800485d   Thumb Code    94  bmi088.o(.text._Z21bmi088_accel_read_reghPhh)
    Controller::handle()                     0x080048bd   Thumb Code   336  controller.o(.text._ZN10Controller6handleEv)
    Controller::Controller(__UART_HandleTypeDef*) 0x08004a0d   Thumb Code    66  controller.o(.text._ZN10ControllerC2EP20__UART_HandleTypeDef)
    Controller::Controller__sub_object(__UART_HandleTypeDef*) 0x08004a0d   Thumb Code    66  controller.o(.text._ZN10ControllerC2EP20__UART_HandleTypeDef)
    IMU::acc_calculate()                     0x08004a51   Thumb Code   476  bmi088.o(.text._ZN3IMU13acc_calculateEv)
    IMU::gyro_calculate()                    0x08004c2d   Thumb Code   208  bmi088.o(.text._ZN3IMU14gyro_calculateEv)
    IMU::update_orientation(unsigned short)  0x08004d01   Thumb Code  1448  bmi088.o(.text._ZN3IMU18update_orientationEt)
    IMU::IMU__sub_object()                   0x080052a9   Thumb Code   114  callback.o(.text._ZN3IMUC2Ev)
    main                                     0x08005405   Thumb Code    78  main.o(.text.main)
    __ARM_fpclassifyf                        0x08005453   Thumb Code    38  fpclassifyf.o(i.__ARM_fpclassifyf)
    __hardfp_atan2f                          0x08005479   Thumb Code   594  atan2f.o(i.__hardfp_atan2f)
    __hardfp_cosf                            0x08005725   Thumb Code   280  cosf.o(i.__hardfp_cosf)
    __hardfp_fmodf                           0x08005875   Thumb Code   176  fmodf.o(i.__hardfp_fmodf)
    __hardfp_sinf                            0x08005925   Thumb Code   344  sinf.o(i.__hardfp_sinf)
    __hardfp_sqrtf                           0x08005ab5   Thumb Code    58  sqrtf.o(i.__hardfp_sqrtf)
    __mathlib_flt_infnan                     0x08005aef   Thumb Code     6  funder.o(i.__mathlib_flt_infnan)
    __mathlib_flt_infnan2                    0x08005af5   Thumb Code     6  funder.o(i.__mathlib_flt_infnan2)
    __mathlib_flt_invalid                    0x08005afd   Thumb Code    10  funder.o(i.__mathlib_flt_invalid)
    __mathlib_flt_underflow                  0x08005b0d   Thumb Code    10  funder.o(i.__mathlib_flt_underflow)
    __mathlib_rredf2                         0x08005b1d   Thumb Code   316  rredf.o(i.__mathlib_rredf2)
    __scatterload_copy                       0x08005c71   Thumb Code    14  handlers.o(i.__scatterload_copy)
    __scatterload_null                       0x08005c7f   Thumb Code     2  handlers.o(i.__scatterload_null)
    __scatterload_zeroinit                   0x08005c81   Thumb Code    14  handlers.o(i.__scatterload_zeroinit)
    __set_errno                              0x08005c91   Thumb Code     6  errno.o(i.__set_errno)
    AHBPrescTable                            0x08005cbc   Data          16  system_stm32f4xx.o(.rodata.AHBPrescTable)
    APBPrescTable                            0x08005ccc   Data           8  system_stm32f4xx.o(.rodata.APBPrescTable)
    Region$$Table$$Base                      0x08005cdc   Number         0  anon$$obj.o(Region$$Table)
    Region$$Table$$Limit                     0x08005cfc   Number         0  anon$$obj.o(Region$$Table)
    SHT$$INIT_ARRAY$$Base                    0x08005cfc   Number         0  callback.o(.init_array)
    SHT$$INIT_ARRAY$$Limit                   0x08005d04   Number         0  cpp_init.o(.init_array)
    SystemCoreClock                          0x20000004   Data           4  system_stm32f4xx.o(.data.SystemCoreClock)
    uwTickFreq                               0x20000010   Data           1  stm32f4xx_hal.o(.data.uwTickFreq)
    uwTickPrio                               0x20000014   Data           4  stm32f4xx_hal.o(.data.uwTickPrio)
    hdma_usart3_rx                           0x20000018   Data          96  usart.o(.bss.hdma_usart3_rx)
    hspi1                                    0x20000078   Data          88  spi.o(.bss.hspi1)
    htim6                                    0x200000d0   Data          72  tim.o(.bss.htim6)
    huart3                                   0x20000118   Data          72  usart.o(.bss.huart3)
    imu                                      0x20000160   Data          52  callback.o(.bss.imu)
    rc                                       0x20000194   Data          96  main.o(.bss.rc)
    uwTick                                   0x200001f4   Data           4  stm32f4xx_hal.o(.bss.uwTick)
    __initial_sp                             0x200005f8   Data           0  startup_stm32f407xx.o(STACK)



==============================================================================

Memory Map of the image

  Image Entry point : 0x08000189

  Load Region LR_IROM1 (Base: 0x08000000, Size: 0x00005d20, Max: 0x00100000, ABSOLUTE)

    Execution Region ER_IROM1 (Exec base: 0x08000000, Load base: 0x08000000, Size: 0x00005d04, Max: 0x00100000, ABSOLUTE)

    Exec Addr    Load Addr    Size         Type   Attr      Idx    E Section Name        Object

    0x08000000   0x08000000   0x00000188   Data   RO            3    RESET               startup_stm32f407xx.o
    0x08000188   0x08000188   0x00000000   Code   RO         1265  * .ARM.Collect$$$$00000000  mc_w.l(entry.o)
    0x08000188   0x08000188   0x00000004   Code   RO         1304    .ARM.Collect$$$$00000001  mc_w.l(entry2.o)
    0x0800018c   0x0800018c   0x00000004   Code   RO         1307    .ARM.Collect$$$$00000004  mc_w.l(entry5.o)
    0x08000190   0x08000190   0x00000000   Code   RO         1309    .ARM.Collect$$$$00000008  mc_w.l(entry7b.o)
    0x08000190   0x08000190   0x00000004   Code   RO         1310    .ARM.Collect$$$$00000009  mc_w.l(entry8a.o)
    0x08000194   0x08000194   0x00000000   Code   RO         1311    .ARM.Collect$$$$0000000A  mc_w.l(entry8b.o)
    0x08000194   0x08000194   0x00000008   Code   RO         1312    .ARM.Collect$$$$0000000B  mc_w.l(entry9a.o)
    0x0800019c   0x0800019c   0x00000000   Code   RO         1314    .ARM.Collect$$$$0000000D  mc_w.l(entry10a.o)
    0x0800019c   0x0800019c   0x00000000   Code   RO         1316    .ARM.Collect$$$$0000000F  mc_w.l(entry11a.o)
    0x0800019c   0x0800019c   0x00000004   Code   RO         1305    .ARM.Collect$$$$00002712  mc_w.l(entry2.o)
    0x080001a0   0x080001a0   0x00000024   Code   RO            4    .text               startup_stm32f407xx.o
    0x080001c4   0x080001c4   0x00000062   Code   RO         1268    .text               mc_w.l(uldiv.o)
    0x08000226   0x08000226   0x00000024   Code   RO         1270    .text               mc_w.l(memseta.o)
    0x0800024a   0x0800024a   0x00000002   PAD
    0x0800024c   0x0800024c   0x00000020   Code   RO         1275    .text               mc_w.l(cpp_init.o)
    0x0800026c   0x0800026c   0x000000e4   Code   RO         1277    .text               mf_w.l(dmul.o)
    0x08000350   0x08000350   0x000000de   Code   RO         1279    .text               mf_w.l(ddiv.o)
    0x0800042e   0x0800042e   0x00000026   Code   RO         1281    .text               mf_w.l(f2d.o)
    0x08000454   0x08000454   0x00000038   Code   RO         1283    .text               mf_w.l(d2f.o)
    0x0800048c   0x0800048c   0x0000001e   Code   RO         1318    .text               mc_w.l(llshl.o)
    0x080004aa   0x080004aa   0x00000020   Code   RO         1320    .text               mc_w.l(llushr.o)
    0x080004ca   0x080004ca   0x00000000   Code   RO         1329    .text               mc_w.l(iusefp.o)
    0x080004ca   0x080004ca   0x0000006e   Code   RO         1334    .text               mf_w.l(fepilogue.o)
    0x08000538   0x08000538   0x00000052   Code   RO         1336    .text               mf_w.l(frem.o)
    0x0800058a   0x0800058a   0x000000ba   Code   RO         1338    .text               mf_w.l(depilogue.o)
    0x08000644   0x08000644   0x00000024   Code   RO         1340    .text               mc_w.l(init.o)
    0x08000668   0x08000668   0x00000004   Code   RO          163    .text.BusFault_Handler  stm32f4xx_it.o
    0x0800066c   0x0800066c   0x00000010   Code   RO          177    .text.DMA1_Stream1_IRQHandler  stm32f4xx_it.o
    0x0800067c   0x0800067c   0x00000056   Code   RO          495    .text.DMA_CalcBaseAndBitshift  stm32f4xx_hal_dma.o
    0x080006d2   0x080006d2   0x00000002   PAD
    0x080006d4   0x080006d4   0x000000f0   Code   RO          493    .text.DMA_CheckFifoParam  stm32f4xx_hal_dma.o
    0x080007c4   0x080007c4   0x00000050   Code   RO          501    .text.DMA_SetConfig  stm32f4xx_hal_dma.o
    0x08000814   0x08000814   0x00000002   Code   RO          169    .text.DebugMon_Handler  stm32f4xx_it.o
    0x08000816   0x08000816   0x00000002   PAD
    0x08000818   0x08000818   0x0000000a   Code   RO          175    .text.EXTI4_IRQHandler  stm32f4xx_it.o
    0x08000822   0x08000822   0x00000002   PAD
    0x08000824   0x08000824   0x0000000a   Code   RO          179    .text.EXTI9_5_IRQHandler  stm32f4xx_it.o
    0x0800082e   0x0800082e   0x00000002   PAD
    0x08000830   0x08000830   0x00000006   Code   RO           84    .text.Error_Handler  main.o
    0x08000836   0x08000836   0x00000002   PAD
    0x08000838   0x08000838   0x000000ec   Code   RO          505    .text.HAL_DMA_Abort  stm32f4xx_hal_dma.o
    0x08000924   0x08000924   0x00000044   Code   RO          507    .text.HAL_DMA_Abort_IT  stm32f4xx_hal_dma.o
    0x08000968   0x08000968   0x0000031e   Code   RO          511    .text.HAL_DMA_IRQHandler  stm32f4xx_hal_dma.o
    0x08000c86   0x08000c86   0x00000002   PAD
    0x08000c88   0x08000c88   0x0000016e   Code   RO          491    .text.HAL_DMA_Init  stm32f4xx_hal_dma.o
    0x08000df6   0x08000df6   0x00000002   PAD
    0x08000df8   0x08000df8   0x000000c2   Code   RO          503    .text.HAL_DMA_Start_IT  stm32f4xx_hal_dma.o
    0x08000eba   0x08000eba   0x00000002   PAD
    0x08000ebc   0x08000ebc   0x00000042   Code   RO          686    .text.HAL_Delay     stm32f4xx_hal.o
    0x08000efe   0x08000efe   0x00000002   PAD
    0x08000f00   0x08000f00   0x00000022   Code   RO           15    .text.HAL_GPIO_EXTI_Callback  callback.o
    0x08000f22   0x08000f22   0x00000002   PAD
    0x08000f24   0x08000f24   0x00000038   Code   RO          465    .text.HAL_GPIO_EXTI_IRQHandler  stm32f4xx_hal_gpio.o
    0x08000f5c   0x08000f5c   0x000003b6   Code   RO          453    .text.HAL_GPIO_Init  stm32f4xx_hal_gpio.o
    0x08001312   0x08001312   0x00000002   PAD
    0x08001314   0x08001314   0x0000002e   Code   RO          459    .text.HAL_GPIO_WritePin  stm32f4xx_hal_gpio.o
    0x08001342   0x08001342   0x00000002   PAD
    0x08001344   0x08001344   0x0000000c   Code   RO          678    .text.HAL_GetTick   stm32f4xx_hal.o
    0x08001350   0x08001350   0x0000001a   Code   RO          676    .text.HAL_IncTick   stm32f4xx_hal.o
    0x0800136a   0x0800136a   0x00000002   PAD
    0x0800136c   0x0800136c   0x00000036   Code   RO          666    .text.HAL_Init      stm32f4xx_hal.o
    0x080013a2   0x080013a2   0x00000002   PAD
    0x080013a4   0x080013a4   0x00000070   Code   RO          668    .text.HAL_InitTick  stm32f4xx_hal.o
    0x08001414   0x08001414   0x0000004a   Code   RO          192    .text.HAL_MspInit   stm32f4xx_hal_msp.o
    0x0800145e   0x0800145e   0x00000002   PAD
    0x08001460   0x08001460   0x00000014   Code   RO          601    .text.HAL_NVIC_EnableIRQ  stm32f4xx_hal_cortex.o
    0x08001474   0x08001474   0x00000032   Code   RO          593    .text.HAL_NVIC_SetPriority  stm32f4xx_hal_cortex.o
    0x080014a6   0x080014a6   0x00000002   PAD
    0x080014a8   0x080014a8   0x00000010   Code   RO          589    .text.HAL_NVIC_SetPriorityGrouping  stm32f4xx_hal_cortex.o
    0x080014b8   0x080014b8   0x00000002   Code   RO          343    .text.HAL_RCC_CSSCallback  stm32f4xx_hal_rcc.o
    0x080014ba   0x080014ba   0x00000002   PAD
    0x080014bc   0x080014bc   0x00000262   Code   RO          321    .text.HAL_RCC_ClockConfig  stm32f4xx_hal_rcc.o
    0x0800171e   0x0800171e   0x00000002   PAD
    0x08001720   0x08001720   0x0000000c   Code   RO          327    .text.HAL_RCC_EnableCSS  stm32f4xx_hal_rcc.o
    0x0800172c   0x0800172c   0x0000000c   Code   RO          331    .text.HAL_RCC_GetHCLKFreq  stm32f4xx_hal_rcc.o
    0x08001738   0x08001738   0x00000022   Code   RO          333    .text.HAL_RCC_GetPCLK1Freq  stm32f4xx_hal_rcc.o
    0x0800175a   0x0800175a   0x00000002   PAD
    0x0800175c   0x0800175c   0x00000022   Code   RO          335    .text.HAL_RCC_GetPCLK2Freq  stm32f4xx_hal_rcc.o
    0x0800177e   0x0800177e   0x00000002   PAD
    0x08001780   0x08001780   0x000000e6   Code   RO          323    .text.HAL_RCC_GetSysClockFreq  stm32f4xx_hal_rcc.o
    0x08001866   0x08001866   0x00000002   PAD
    0x08001868   0x08001868   0x00000028   Code   RO          341    .text.HAL_RCC_NMI_IRQHandler  stm32f4xx_hal_rcc.o
    0x08001890   0x08001890   0x000006be   Code   RO          319    .text.HAL_RCC_OscConfig  stm32f4xx_hal_rcc.o
    0x08001f4e   0x08001f4e   0x00000002   PAD
    0x08001f50   0x08001f50   0x0000000e   Code   RO          298    .text.HAL_SPI_GetState  stm32f4xx_hal_spi.o
    0x08001f5e   0x08001f5e   0x00000002   PAD
    0x08001f60   0x08001f60   0x00000100   Code   RO          200    .text.HAL_SPI_Init  stm32f4xx_hal_spi.o
    0x08002060   0x08002060   0x000000e4   Code   RO          116    .text.HAL_SPI_MspInit  spi.o
    0x08002144   0x08002144   0x0000024e   Code   RO          212    .text.HAL_SPI_Receive  stm32f4xx_hal_spi.o
    0x08002392   0x08002392   0x00000002   PAD
    0x08002394   0x08002394   0x000002a2   Code   RO          208    .text.HAL_SPI_Transmit  stm32f4xx_hal_spi.o
    0x08002636   0x08002636   0x00000002   PAD
    0x08002638   0x08002638   0x000003a2   Code   RO          214    .text.HAL_SPI_TransmitReceive  stm32f4xx_hal_spi.o
    0x080029da   0x080029da   0x00000002   PAD
    0x080029dc   0x080029dc   0x00000010   Code   RO          613    .text.HAL_SYSTICK_Config  stm32f4xx_hal_cortex.o
    0x080029ec   0x080029ec   0x00000008   Code   RO         1078    .text.HAL_TIMEx_BreakCallback  stm32f4xx_hal_tim_ex.o
    0x080029f4   0x080029f4   0x00000008   Code   RO         1074    .text.HAL_TIMEx_CommutCallback  stm32f4xx_hal_tim_ex.o
    0x080029fc   0x080029fc   0x00000122   Code   RO         1068    .text.HAL_TIMEx_MasterConfigSynchronization  stm32f4xx_hal_tim_ex.o
    0x08002b1e   0x08002b1e   0x00000002   PAD
    0x08002b20   0x08002b20   0x0000009c   Code   RO          755    .text.HAL_TIM_Base_Init  stm32f4xx_hal_tim.o
    0x08002bbc   0x08002bbc   0x00000052   Code   RO          130    .text.HAL_TIM_Base_MspInit  tim.o
    0x08002c0e   0x08002c0e   0x00000002   PAD
    0x08002c10   0x08002c10   0x000000f6   Code   RO          769    .text.HAL_TIM_Base_Start_IT  stm32f4xx_hal_tim.o
    0x08002d06   0x08002d06   0x00000002   PAD
    0x08002d08   0x08002d08   0x00000008   Code   RO          891    .text.HAL_TIM_IC_CaptureCallback  stm32f4xx_hal_tim.o
    0x08002d10   0x08002d10   0x0000021a   Code   RO          889    .text.HAL_TIM_IRQHandler  stm32f4xx_hal_tim.o
    0x08002f2a   0x08002f2a   0x00000002   PAD
    0x08002f2c   0x08002f2c   0x00000008   Code   RO          893    .text.HAL_TIM_OC_DelayElapsedCallback  stm32f4xx_hal_tim.o
    0x08002f34   0x08002f34   0x00000008   Code   RO          895    .text.HAL_TIM_PWM_PulseFinishedCallback  stm32f4xx_hal_tim.o
    0x08002f3c   0x08002f3c   0x00000038   Code   RO           13    .text.HAL_TIM_PeriodElapsedCallback  callback.o
    0x08002f74   0x08002f74   0x00000008   Code   RO          899    .text.HAL_TIM_TriggerCallback  stm32f4xx_hal_tim.o
    0x08002f7c   0x08002f7c   0x000000b8   Code   RO         1145    .text.HAL_UARTEx_ReceiveToIdle_DMA  stm32f4xx_hal_uart.o
    0x08003034   0x08003034   0x00000052   Code   RO           17    .text.HAL_UARTEx_RxEventCallback  callback.o
    0x08003086   0x08003086   0x00000002   PAD
    0x08003088   0x08003088   0x00000008   Code   RO         1181    .text.HAL_UART_ErrorCallback  stm32f4xx_hal_uart.o
    0x08003090   0x08003090   0x0000045c   Code   RO         1175    .text.HAL_UART_IRQHandler  stm32f4xx_hal_uart.o
    0x080034ec   0x080034ec   0x0000009e   Code   RO         1091    .text.HAL_UART_Init  stm32f4xx_hal_uart.o
    0x0800358a   0x0800358a   0x00000002   PAD
    0x0800358c   0x0800358c   0x000000f8   Code   RO          144    .text.HAL_UART_MspInit  usart.o
    0x08003684   0x08003684   0x00000008   Code   RO         1193    .text.HAL_UART_RxCpltCallback  stm32f4xx_hal_uart.o
    0x0800368c   0x0800368c   0x00000008   Code   RO         1195    .text.HAL_UART_RxHalfCpltCallback  stm32f4xx_hal_uart.o
    0x08003694   0x08003694   0x00000008   Code   RO         1189    .text.HAL_UART_TxCpltCallback  stm32f4xx_hal_uart.o
    0x0800369c   0x0800369c   0x00000004   Code   RO          159    .text.HardFault_Handler  stm32f4xx_it.o
    0x080036a0   0x080036a0   0x0000003c   Code   RO          106    .text.MX_DMA_Init   dma.o
    0x080036dc   0x080036dc   0x00000132   Code   RO           98    .text.MX_GPIO_Init  gpio.o
    0x0800380e   0x0800380e   0x00000002   PAD
    0x08003810   0x08003810   0x0000004e   Code   RO          114    .text.MX_SPI1_Init  spi.o
    0x0800385e   0x0800385e   0x00000002   PAD
    0x08003860   0x08003860   0x0000005a   Code   RO          128    .text.MX_TIM6_Init  tim.o
    0x080038ba   0x080038ba   0x00000002   PAD
    0x080038bc   0x080038bc   0x0000004c   Code   RO          142    .text.MX_USART3_UART_Init  usart.o
    0x08003908   0x08003908   0x00000004   Code   RO          161    .text.MemManage_Handler  stm32f4xx_it.o
    0x0800390c   0x0800390c   0x0000000a   Code   RO          157    .text.NMI_Handler   stm32f4xx_it.o
    0x08003916   0x08003916   0x00000002   PAD
    0x08003918   0x08003918   0x0000006c   Code   RO          599    .text.NVIC_EncodePriority  stm32f4xx_hal_cortex.o
    0x08003984   0x08003984   0x00000002   Code   RO          171    .text.PendSV_Handler  stm32f4xx_it.o
    0x08003986   0x08003986   0x00000002   PAD
    0x08003988   0x08003988   0x000000e4   Code   RO          216    .text.SPI_EndRxTransaction  stm32f4xx_hal_spi.o
    0x08003a6c   0x08003a6c   0x000000cc   Code   RO          210    .text.SPI_EndRxTxTransaction  stm32f4xx_hal_spi.o
    0x08003b38   0x08003b38   0x0000012c   Code   RO          308    .text.SPI_WaitFlagStateUntilTimeout  stm32f4xx_hal_spi.o
    0x08003c64   0x08003c64   0x00000002   Code   RO          167    .text.SVC_Handler   stm32f4xx_it.o
    0x08003c66   0x08003c66   0x00000002   PAD
    0x08003c68   0x08003c68   0x00000052   Code   RO          615    .text.SysTick_Config  stm32f4xx_hal_cortex.o
    0x08003cba   0x08003cba   0x00000002   PAD
    0x08003cbc   0x08003cbc   0x00000008   Code   RO          173    .text.SysTick_Handler  stm32f4xx_it.o
    0x08003cc4   0x08003cc4   0x00000012   Code   RO         1222    .text.SystemInit    system_stm32f4xx.o
    0x08003cd6   0x08003cd6   0x00000002   PAD
    0x08003cd8   0x08003cd8   0x00000010   Code   RO          183    .text.TIM6_DAC_IRQHandler  stm32f4xx_it.o
    0x08003ce8   0x08003ce8   0x000001a4   Code   RO          759    .text.TIM_Base_SetConfig  stm32f4xx_hal_tim.o
    0x08003e8c   0x08003e8c   0x0000001c   Code   RO         1179    .text.UART_DMAAbortOnError  stm32f4xx_hal_uart.o
    0x08003ea8   0x08003ea8   0x0000007c   Code   RO         1125    .text.UART_DMAError  stm32f4xx_hal_uart.o
    0x08003f24   0x08003f24   0x000000f4   Code   RO         1211    .text.UART_DMAReceiveCplt  stm32f4xx_hal_uart.o
    0x08004018   0x08004018   0x00000034   Code   RO         1213    .text.UART_DMARxHalfCplt  stm32f4xx_hal_uart.o
    0x0800404c   0x0800404c   0x00000094   Code   RO         1139    .text.UART_EndRxTransfer  stm32f4xx_hal_uart.o
    0x080040e0   0x080040e0   0x00000026   Code   RO         1187    .text.UART_EndTransmit_IT  stm32f4xx_hal_uart.o
    0x08004106   0x08004106   0x00000002   PAD
    0x08004108   0x08004108   0x00000036   Code   RO         1137    .text.UART_EndTxTransfer  stm32f4xx_hal_uart.o
    0x0800413e   0x0800413e   0x00000002   PAD
    0x08004140   0x08004140   0x00000168   Code   RO         1177    .text.UART_Receive_IT  stm32f4xx_hal_uart.o
    0x080042a8   0x080042a8   0x0000013a   Code   RO         1095    .text.UART_SetConfig  stm32f4xx_hal_uart.o
    0x080043e2   0x080043e2   0x00000002   PAD
    0x080043e4   0x080043e4   0x00000130   Code   RO         1129    .text.UART_Start_Receive_DMA  stm32f4xx_hal_uart.o
    0x08004514   0x08004514   0x00000094   Code   RO         1185    .text.UART_Transmit_IT  stm32f4xx_hal_uart.o
    0x080045a8   0x080045a8   0x00000010   Code   RO          181    .text.USART3_IRQHandler  stm32f4xx_it.o
    0x080045b8   0x080045b8   0x00000004   Code   RO          165    .text.UsageFault_Handler  stm32f4xx_it.o
    0x080045bc   0x080045bc   0x00000008   Code   RO           19    .text._GLOBAL__sub_I_callback.cpp  callback.o
    0x080045c4   0x080045c4   0x00000008   Code   RO           86    .text._GLOBAL__sub_I_main.c  main.o
    0x080045cc   0x080045cc   0x0000009a   Code   RO           46    .text._Z11bmi088_initv  bmi088.o
    0x08004666   0x08004666   0x00000002   PAD
    0x08004668   0x08004668   0x00000046   Code   RO           75    .text._Z14linear_mappingfffff  controller.o
    0x080046ae   0x080046ae   0x00000002   PAD
    0x080046b0   0x080046b0   0x0000003a   Code   RO           34    .text._Z15BMI088_ReadBytePhh  bmi088.o
    0x080046ea   0x080046ea   0x00000002   PAD
    0x080046ec   0x080046ec   0x00000024   Code   RO           36    .text._Z15BMI088_WriteReghh  bmi088.o
    0x08004710   0x08004710   0x00000038   Code   RO           32    .text._Z16BMI088_WriteByteh  bmi088.o
    0x08004748   0x08004748   0x000000c0   Code   RO           82    .text._Z18SystemClock_Configv  main.o
    0x08004808   0x08004808   0x00000054   Code   RO           44    .text._Z20bmi088_gyro_read_reghPhh  bmi088.o
    0x0800485c   0x0800485c   0x0000005e   Code   RO           40    .text._Z21bmi088_accel_read_reghPhh  bmi088.o
    0x080048ba   0x080048ba   0x00000002   PAD
    0x080048bc   0x080048bc   0x00000150   Code   RO           67    .text._ZN10Controller6handleEv  controller.o
    0x08004a0c   0x08004a0c   0x00000042   Code   RO           63    .text._ZN10ControllerC2EP20__UART_HandleTypeDef  controller.o
    0x08004a4e   0x08004a4e   0x00000002   PAD
    0x08004a50   0x08004a50   0x000001dc   Code   RO           48    .text._ZN3IMU13acc_calculateEv  bmi088.o
    0x08004c2c   0x08004c2c   0x000000d0   Code   RO           50    .text._ZN3IMU14gyro_calculateEv  bmi088.o
    0x08004cfc   0x08004cfc   0x00000004   PAD
    0x08004d00   0x08004d00   0x000005a8   Code   RO           52    .text._ZN3IMU18update_orientationEt  bmi088.o
    0x080052a8   0x080052a8   0x00000072   Code   RO           29    .text._ZN3IMUC2Ev   callback.o
    0x0800531a   0x0800531a   0x00000002   PAD
    0x0800531c   0x0800531c   0x00000030   Code   RO          603    .text.__NVIC_EnableIRQ  stm32f4xx_hal_cortex.o
    0x0800534c   0x0800534c   0x00000010   Code   RO          595    .text.__NVIC_GetPriorityGrouping  stm32f4xx_hal_cortex.o
    0x0800535c   0x0800535c   0x00000042   Code   RO          597    .text.__NVIC_SetPriority  stm32f4xx_hal_cortex.o
    0x0800539e   0x0800539e   0x00000002   PAD
    0x080053a0   0x080053a0   0x0000003c   Code   RO          591    .text.__NVIC_SetPriorityGrouping  stm32f4xx_hal_cortex.o
    0x080053dc   0x080053dc   0x00000010   Code   RO           11    .text.__cxx_global_var_init  callback.o
    0x080053ec   0x080053ec   0x00000018   Code   RO           78    .text.__cxx_global_var_init  main.o
    0x08005404   0x08005404   0x0000004e   Code   RO           80    .text.main          main.o
    0x08005452   0x08005452   0x00000026   Code   RO         1285    i.__ARM_fpclassifyf  m_wm.l(fpclassifyf.o)
    0x08005478   0x08005478   0x000002ac   Code   RO         1235    i.__hardfp_atan2f   m_wm.l(atan2f.o)
    0x08005724   0x08005724   0x00000150   Code   RO         1241    i.__hardfp_cosf     m_wm.l(cosf.o)
    0x08005874   0x08005874   0x000000b0   Code   RO         1247    i.__hardfp_fmodf    m_wm.l(fmodf.o)
    0x08005924   0x08005924   0x00000190   Code   RO         1253    i.__hardfp_sinf     m_wm.l(sinf.o)
    0x08005ab4   0x08005ab4   0x0000003a   Code   RO         1259    i.__hardfp_sqrtf    m_wm.l(sqrtf.o)
    0x08005aee   0x08005aee   0x00000006   Code   RO         1288    i.__mathlib_flt_infnan  m_wm.l(funder.o)
    0x08005af4   0x08005af4   0x00000006   Code   RO         1289    i.__mathlib_flt_infnan2  m_wm.l(funder.o)
    0x08005afa   0x08005afa   0x00000002   PAD
    0x08005afc   0x08005afc   0x00000010   Code   RO         1290    i.__mathlib_flt_invalid  m_wm.l(funder.o)
    0x08005b0c   0x08005b0c   0x00000010   Code   RO         1293    i.__mathlib_flt_underflow  m_wm.l(funder.o)
    0x08005b1c   0x08005b1c   0x00000154   Code   RO         1301    i.__mathlib_rredf2  m_wm.l(rredf.o)
    0x08005c70   0x08005c70   0x0000000e   Code   RO         1344    i.__scatterload_copy  mc_w.l(handlers.o)
    0x08005c7e   0x08005c7e   0x00000002   Code   RO         1345    i.__scatterload_null  mc_w.l(handlers.o)
    0x08005c80   0x08005c80   0x0000000e   Code   RO         1346    i.__scatterload_zeroinit  mc_w.l(handlers.o)
    0x08005c8e   0x08005c8e   0x00000002   PAD
    0x08005c90   0x08005c90   0x0000000c   Code   RO         1324    i.__set_errno       mc_w.l(errno.o)
    0x08005c9c   0x08005c9c   0x00000020   Data   RO         1302    .constdata          m_wm.l(rredf.o)
    0x08005cbc   0x08005cbc   0x00000010   Data   RO         1227    .rodata.AHBPrescTable  system_stm32f4xx.o
    0x08005ccc   0x08005ccc   0x00000008   Data   RO         1228    .rodata.APBPrescTable  system_stm32f4xx.o
    0x08005cd4   0x08005cd4   0x00000008   Data   RO          521    .rodata.DMA_CalcBaseAndBitshift.flagBitshiftOffset  stm32f4xx_hal_dma.o
    0x08005cdc   0x08005cdc   0x00000020   Data   RO         1343    Region$$Table       anon$$obj.o
    0x08005cfc   0x08005cfc   0x00000004   Data   RO           22    .init_array         callback.o
    0x08005d00   0x08005cfc   0x00000004   Data   RO           89    .init_array         main.o
    0x08005d04   0x08005cfc   0x00000000   Data   RO         1273    .init_array         mc_w.l(cpp_init.o)


    Execution Region RW_IRAM1 (Exec base: 0x20000000, Load base: 0x08005d08, Size: 0x000005f8, Max: 0x0001c000, ABSOLUTE)

    Exec Addr    Load Addr    Size         Type   Attr      Idx    E Section Name        Object

    0x20000000   0x08005d08   0x00000004   Data   RW         1325    .data               mc_w.l(errno.o)
    0x20000004   0x08005d0c   0x00000004   Data   RW         1226    .data.SystemCoreClock  system_stm32f4xx.o
    0x20000008   0x08005d10   0x00000004   Data   RW           54    .data._ZZN3IMU13acc_calculateEvE1g  bmi088.o
    0x2000000c   0x08005d14   0x00000004   Data   RW           55    .data._ZZN3IMU18update_orientationEtE1K  bmi088.o
    0x20000010   0x08005d18   0x00000001   Data   RW          721    .data.uwTickFreq    stm32f4xx_hal.o
    0x20000011   0x08005d19   0x00000003   PAD
    0x20000014   0x08005d1c   0x00000004   Data   RW          720    .data.uwTickPrio    stm32f4xx_hal.o
    0x20000018        -       0x00000060   Zero   RW          149    .bss.hdma_usart3_rx  usart.o
    0x20000078        -       0x00000058   Zero   RW          120    .bss.hspi1          spi.o
    0x200000d0        -       0x00000048   Zero   RW          134    .bss.htim6          tim.o
    0x20000118        -       0x00000048   Zero   RW          148    .bss.huart3         usart.o
    0x20000160        -       0x00000034   Zero   RW           21    .bss.imu            callback.o
    0x20000194        -       0x00000060   Zero   RW           88    .bss.rc             main.o
    0x200001f4        -       0x00000004   Zero   RW          722    .bss.uwTick         stm32f4xx_hal.o
    0x200001f8        -       0x00000400   Zero   RW            1    STACK               startup_stm32f407xx.o


    Execution Region RW_IRAM2 (Exec base: 0x2001c000, Load base: 0x08005d20, Size: 0x00000000, Max: 0x00004000, ABSOLUTE)

    **** No section assigned to this execution region ****


==============================================================================

Image component sizes


      Code (inc. data)   RO Data    RW Data    ZI Data      Debug   Object Name

      2614         44          0          8          0      16514   bmi088.o
       310          0          4          0         52       7250   callback.o
       472          8          0          0          0       6139   controller.o
        60          0          0          0          0       3274   dma.o
       306          0          0          0          0       3996   gpio.o
       308          0          4          0         96       4312   main.o
       306          0          0          0         88       4917   spi.o
        36          8        392          0       1024        828   startup_stm32f407xx.o
       270          0          0          5          4       7096   stm32f4xx_hal.o
       482          0          0          0          0       9670   stm32f4xx_hal_cortex.o
      2068          8          8          0          0       8453   stm32f4xx_hal_dma.o
      1052          0          0          0          0       5072   stm32f4xx_hal_gpio.o
        74          0          0          0          0       1462   stm32f4xx_hal_msp.o
      2700          0          0          0          0       7575   stm32f4xx_hal_rcc.o
      3196          0          0          0          0      19349   stm32f4xx_hal_spi.o
      1392          0          0          0          0      35818   stm32f4xx_hal_tim.o
       306          0          0          0          0      15244   stm32f4xx_hal_tim_ex.o
      3304          0          0          0          0      20299   stm32f4xx_hal_uart.o
       108          0          0          0          0       1647   stm32f4xx_it.o
        18          0         24          4          0       2492   system_stm32f4xx.o
       172          0          0          0         72       6759   tim.o
       324          0          0          0        168       6806   usart.o

    ----------------------------------------------------------------------
     19982         72        464         20       1504     194972   Object Totals
         0          0         32          0          0          0   (incl. Generated)
       104          4          0          3          0          0   (incl. Padding)

    ----------------------------------------------------------------------

      Code (inc. data)   RO Data    RW Data    ZI Data      Debug   Library Member Name

       684         90          0          0          0        208   atan2f.o
       336         56          0          0          0        136   cosf.o
       176          0          0          0          0        168   fmodf.o
        38          0          0          0          0        116   fpclassifyf.o
        44         12          0          0          0        464   funder.o
       340         24         32          0          0        160   rredf.o
       400         56          0          0          0        212   sinf.o
        58          0          0          0          0        136   sqrtf.o
        32          8          0          0          0         80   cpp_init.o
         0          0          0          0          0          0   entry.o
         0          0          0          0          0          0   entry10a.o
         0          0          0          0          0          0   entry11a.o
         8          4          0          0          0          0   entry2.o
         4          0          0          0          0          0   entry5.o
         0          0          0          0          0          0   entry7b.o
         4          0          0          0          0          0   entry8a.o
         0          0          0          0          0          0   entry8b.o
         8          4          0          0          0          0   entry9a.o
        12          6          0          4          0         68   errno.o
        30          0          0          0          0          0   handlers.o
        36          8          0          0          0         68   init.o
         0          0          0          0          0          0   iusefp.o
        30          0          0          0          0         68   llshl.o
        32          0          0          0          0         68   llushr.o
        36          0          0          0          0        108   memseta.o
        98          0          0          0          0         92   uldiv.o
        56          0          0          0          0         88   d2f.o
       222          0          0          0          0        100   ddiv.o
       186          0          0          0          0        176   depilogue.o
       228          0          0          0          0         96   dmul.o
        38          0          0          0          0         68   f2d.o
       110          0          0          0          0        168   fepilogue.o
        82          0          0          0          0         96   frem.o

    ----------------------------------------------------------------------
      3334        268         32          4          0       2944   Library Totals
         6          0          0          0          0          0   (incl. Padding)

    ----------------------------------------------------------------------

      Code (inc. data)   RO Data    RW Data    ZI Data      Debug   Library Name

      2076        238         32          0          0       1600   m_wm.l
       330         30          0          4          0        552   mc_w.l
       922          0          0          0          0        792   mf_w.l

    ----------------------------------------------------------------------
      3334        268         32          4          0       2944   Library Totals

    ----------------------------------------------------------------------

==============================================================================


      Code (inc. data)   RO Data    RW Data    ZI Data      Debug   

     23316        340        496         24       1504     196148   Grand Totals
     23316        340        496         24       1504     196148   ELF Image Totals
     23316        340        496         24          0          0   ROM Totals

==============================================================================

    Total RO  Size (Code + RO Data)                23812 (  23.25kB)
    Total RW  Size (RW Data + ZI Data)              1528 (   1.49kB)
    Total ROM Size (Code + RO Data + RW Data)      23836 (  23.28kB)

==============================================================================

